ARM GAS  /tmp/ccqcPl6H.s 			page 1


   1              		.cpu cortex-m4
   2              		.arch armv7e-m
   3              		.fpu fpv4-sp-d16
   4              		.eabi_attribute 27, 1
   5              		.eabi_attribute 28, 1
   6              		.eabi_attribute 20, 1
   7              		.eabi_attribute 21, 1
   8              		.eabi_attribute 23, 3
   9              		.eabi_attribute 24, 1
  10              		.eabi_attribute 25, 1
  11              		.eabi_attribute 26, 1
  12              		.eabi_attribute 30, 1
  13              		.eabi_attribute 34, 1
  14              		.eabi_attribute 18, 4
  15              		.file	"system_stm32f4xx.c"
  16              		.text
  17              	.Ltext0:
  18              		.cfi_sections	.debug_frame
  19              		.file 1 "../common/cmsis/device/system_stm32f4xx.c"
  20              		.section	.text.SystemInit,"ax",%progbits
  21              		.align	1
  22              		.global	SystemInit
  23              		.syntax unified
  24              		.thumb
  25              		.thumb_func
  27              	SystemInit:
  28              	.LFB123:
   1:../common/cmsis/device/system_stm32f4xx.c **** /**
   2:../common/cmsis/device/system_stm32f4xx.c ****   ******************************************************************************
   3:../common/cmsis/device/system_stm32f4xx.c ****   * @file    system_stm32f4xx.c
   4:../common/cmsis/device/system_stm32f4xx.c ****   * @author  MCD Application Team
   5:../common/cmsis/device/system_stm32f4xx.c ****   * @version V2.5.0
   6:../common/cmsis/device/system_stm32f4xx.c ****   * @date    22-April-2016
   7:../common/cmsis/device/system_stm32f4xx.c ****   * @brief   CMSIS Cortex-M4 Device Peripheral Access Layer System Source File.
   8:../common/cmsis/device/system_stm32f4xx.c ****   *
   9:../common/cmsis/device/system_stm32f4xx.c ****   *   This file provides two functions and one global variable to be called from 
  10:../common/cmsis/device/system_stm32f4xx.c ****   *   user application:
  11:../common/cmsis/device/system_stm32f4xx.c ****   *      - SystemInit(): This function is called at startup just after reset and 
  12:../common/cmsis/device/system_stm32f4xx.c ****   *                      before branch to main program. This call is made inside
  13:../common/cmsis/device/system_stm32f4xx.c ****   *                      the "startup_stm32f4xx.s" file.
  14:../common/cmsis/device/system_stm32f4xx.c ****   *
  15:../common/cmsis/device/system_stm32f4xx.c ****   *      - SystemCoreClock variable: Contains the core clock (HCLK), it can be used
  16:../common/cmsis/device/system_stm32f4xx.c ****   *                                  by the user application to setup the SysTick 
  17:../common/cmsis/device/system_stm32f4xx.c ****   *                                  timer or configure other parameters.
  18:../common/cmsis/device/system_stm32f4xx.c ****   *                                     
  19:../common/cmsis/device/system_stm32f4xx.c ****   *      - SystemCoreClockUpdate(): Updates the variable SystemCoreClock and must
  20:../common/cmsis/device/system_stm32f4xx.c ****   *                                 be called whenever the core clock is changed
  21:../common/cmsis/device/system_stm32f4xx.c ****   *                                 during program execution.
  22:../common/cmsis/device/system_stm32f4xx.c ****   *
  23:../common/cmsis/device/system_stm32f4xx.c ****   *
  24:../common/cmsis/device/system_stm32f4xx.c ****   ******************************************************************************
  25:../common/cmsis/device/system_stm32f4xx.c ****   * @attention
  26:../common/cmsis/device/system_stm32f4xx.c ****   *
  27:../common/cmsis/device/system_stm32f4xx.c ****   * <h2><center>&copy; COPYRIGHT 2016 STMicroelectronics</center></h2>
  28:../common/cmsis/device/system_stm32f4xx.c ****   *
  29:../common/cmsis/device/system_stm32f4xx.c ****   * Redistribution and use in source and binary forms, with or without modification,
  30:../common/cmsis/device/system_stm32f4xx.c ****   * are permitted provided that the following conditions are met:
ARM GAS  /tmp/ccqcPl6H.s 			page 2


  31:../common/cmsis/device/system_stm32f4xx.c ****   *   1. Redistributions of source code must retain the above copyright notice,
  32:../common/cmsis/device/system_stm32f4xx.c ****   *      this list of conditions and the following disclaimer.
  33:../common/cmsis/device/system_stm32f4xx.c ****   *   2. Redistributions in binary form must reproduce the above copyright notice,
  34:../common/cmsis/device/system_stm32f4xx.c ****   *      this list of conditions and the following disclaimer in the documentation
  35:../common/cmsis/device/system_stm32f4xx.c ****   *      and/or other materials provided with the distribution.
  36:../common/cmsis/device/system_stm32f4xx.c ****   *   3. Neither the name of STMicroelectronics nor the names of its contributors
  37:../common/cmsis/device/system_stm32f4xx.c ****   *      may be used to endorse or promote products derived from this software
  38:../common/cmsis/device/system_stm32f4xx.c ****   *      without specific prior written permission.
  39:../common/cmsis/device/system_stm32f4xx.c ****   *
  40:../common/cmsis/device/system_stm32f4xx.c ****   * THIS SOFTWARE IS PROVIDED BY THE COPYRIGHT HOLDERS AND CONTRIBUTORS "AS IS"
  41:../common/cmsis/device/system_stm32f4xx.c ****   * AND ANY EXPRESS OR IMPLIED WARRANTIES, INCLUDING, BUT NOT LIMITED TO, THE
  42:../common/cmsis/device/system_stm32f4xx.c ****   * IMPLIED WARRANTIES OF MERCHANTABILITY AND FITNESS FOR A PARTICULAR PURPOSE ARE
  43:../common/cmsis/device/system_stm32f4xx.c ****   * DISCLAIMED. IN NO EVENT SHALL THE COPYRIGHT HOLDER OR CONTRIBUTORS BE LIABLE
  44:../common/cmsis/device/system_stm32f4xx.c ****   * FOR ANY DIRECT, INDIRECT, INCIDENTAL, SPECIAL, EXEMPLARY, OR CONSEQUENTIAL
  45:../common/cmsis/device/system_stm32f4xx.c ****   * DAMAGES (INCLUDING, BUT NOT LIMITED TO, PROCUREMENT OF SUBSTITUTE GOODS OR
  46:../common/cmsis/device/system_stm32f4xx.c ****   * SERVICES; LOSS OF USE, DATA, OR PROFITS; OR BUSINESS INTERRUPTION) HOWEVER
  47:../common/cmsis/device/system_stm32f4xx.c ****   * CAUSED AND ON ANY THEORY OF LIABILITY, WHETHER IN CONTRACT, STRICT LIABILITY,
  48:../common/cmsis/device/system_stm32f4xx.c ****   * OR TORT (INCLUDING NEGLIGENCE OR OTHERWISE) ARISING IN ANY WAY OUT OF THE USE
  49:../common/cmsis/device/system_stm32f4xx.c ****   * OF THIS SOFTWARE, EVEN IF ADVISED OF THE POSSIBILITY OF SUCH DAMAGE.
  50:../common/cmsis/device/system_stm32f4xx.c ****   *
  51:../common/cmsis/device/system_stm32f4xx.c ****   ******************************************************************************
  52:../common/cmsis/device/system_stm32f4xx.c ****   */
  53:../common/cmsis/device/system_stm32f4xx.c **** 
  54:../common/cmsis/device/system_stm32f4xx.c **** /** @addtogroup CMSIS
  55:../common/cmsis/device/system_stm32f4xx.c ****   * @{
  56:../common/cmsis/device/system_stm32f4xx.c ****   */
  57:../common/cmsis/device/system_stm32f4xx.c **** 
  58:../common/cmsis/device/system_stm32f4xx.c **** /** @addtogroup stm32f4xx_system
  59:../common/cmsis/device/system_stm32f4xx.c ****   * @{
  60:../common/cmsis/device/system_stm32f4xx.c ****   */  
  61:../common/cmsis/device/system_stm32f4xx.c ****   
  62:../common/cmsis/device/system_stm32f4xx.c **** /** @addtogroup STM32F4xx_System_Private_Includes
  63:../common/cmsis/device/system_stm32f4xx.c ****   * @{
  64:../common/cmsis/device/system_stm32f4xx.c ****   */
  65:../common/cmsis/device/system_stm32f4xx.c **** 
  66:../common/cmsis/device/system_stm32f4xx.c **** 
  67:../common/cmsis/device/system_stm32f4xx.c **** #include "stm32f4xx.h"
  68:../common/cmsis/device/system_stm32f4xx.c **** 
  69:../common/cmsis/device/system_stm32f4xx.c **** #if !defined  (HSE_VALUE) 
  70:../common/cmsis/device/system_stm32f4xx.c ****   #define HSE_VALUE    ((uint32_t)25000000) /*!< Default value of the External oscillator in Hz */
  71:../common/cmsis/device/system_stm32f4xx.c **** #endif /* HSE_VALUE */
  72:../common/cmsis/device/system_stm32f4xx.c **** 
  73:../common/cmsis/device/system_stm32f4xx.c **** #if !defined  (HSI_VALUE)
  74:../common/cmsis/device/system_stm32f4xx.c ****   #define HSI_VALUE    ((uint32_t)16000000) /*!< Value of the Internal oscillator in Hz*/
  75:../common/cmsis/device/system_stm32f4xx.c **** #endif /* HSI_VALUE */
  76:../common/cmsis/device/system_stm32f4xx.c **** 
  77:../common/cmsis/device/system_stm32f4xx.c **** /**
  78:../common/cmsis/device/system_stm32f4xx.c ****   * @}
  79:../common/cmsis/device/system_stm32f4xx.c ****   */
  80:../common/cmsis/device/system_stm32f4xx.c **** 
  81:../common/cmsis/device/system_stm32f4xx.c **** /** @addtogroup STM32F4xx_System_Private_TypesDefinitions
  82:../common/cmsis/device/system_stm32f4xx.c ****   * @{
  83:../common/cmsis/device/system_stm32f4xx.c ****   */
  84:../common/cmsis/device/system_stm32f4xx.c **** 
  85:../common/cmsis/device/system_stm32f4xx.c **** /**
  86:../common/cmsis/device/system_stm32f4xx.c ****   * @}
  87:../common/cmsis/device/system_stm32f4xx.c ****   */
ARM GAS  /tmp/ccqcPl6H.s 			page 3


  88:../common/cmsis/device/system_stm32f4xx.c **** 
  89:../common/cmsis/device/system_stm32f4xx.c **** /** @addtogroup STM32F4xx_System_Private_Defines
  90:../common/cmsis/device/system_stm32f4xx.c ****   * @{
  91:../common/cmsis/device/system_stm32f4xx.c ****   */
  92:../common/cmsis/device/system_stm32f4xx.c **** 
  93:../common/cmsis/device/system_stm32f4xx.c **** /************************* Miscellaneous Configuration ************************/
  94:../common/cmsis/device/system_stm32f4xx.c **** /*!< Uncomment the following line if you need to use external SRAM or SDRAM as data memory  */
  95:../common/cmsis/device/system_stm32f4xx.c **** #if defined(STM32F405xx) || defined(STM32F415xx) || defined(STM32F407xx) || defined(STM32F417xx)\
  96:../common/cmsis/device/system_stm32f4xx.c ****  || defined(STM32F427xx) || defined(STM32F437xx) || defined(STM32F429xx) || defined(STM32F439xx)\
  97:../common/cmsis/device/system_stm32f4xx.c ****  || defined(STM32F469xx) || defined(STM32F479xx) || defined(STM32F412Zx) || defined(STM32F412Vx)
  98:../common/cmsis/device/system_stm32f4xx.c **** /* #define DATA_IN_ExtSRAM */
  99:../common/cmsis/device/system_stm32f4xx.c **** #endif /* STM32F40xxx || STM32F41xxx || STM32F42xxx || STM32F43xxx || STM32F469xx || STM32F479xx ||
 100:../common/cmsis/device/system_stm32f4xx.c ****           STM32F412Zx || STM32F412Vx */
 101:../common/cmsis/device/system_stm32f4xx.c ****  
 102:../common/cmsis/device/system_stm32f4xx.c **** #if defined(STM32F427xx) || defined(STM32F437xx) || defined(STM32F429xx) || defined(STM32F439xx)\
 103:../common/cmsis/device/system_stm32f4xx.c ****  || defined(STM32F446xx) || defined(STM32F469xx) || defined(STM32F479xx)
 104:../common/cmsis/device/system_stm32f4xx.c **** /* #define DATA_IN_ExtSDRAM */
 105:../common/cmsis/device/system_stm32f4xx.c **** #endif /* STM32F427xx || STM32F437xx || STM32F429xx || STM32F439xx || STM32F446xx || STM32F469xx ||
 106:../common/cmsis/device/system_stm32f4xx.c ****           STM32F479xx */
 107:../common/cmsis/device/system_stm32f4xx.c **** 
 108:../common/cmsis/device/system_stm32f4xx.c **** /*!< Uncomment the following line if you need to relocate your vector Table in
 109:../common/cmsis/device/system_stm32f4xx.c ****      Internal SRAM. */
 110:../common/cmsis/device/system_stm32f4xx.c **** /* #define VECT_TAB_SRAM */
 111:../common/cmsis/device/system_stm32f4xx.c **** #define VECT_TAB_OFFSET  0x00 /*!< Vector Table base offset field. 
 112:../common/cmsis/device/system_stm32f4xx.c ****                                    This value must be a multiple of 0x200. */
 113:../common/cmsis/device/system_stm32f4xx.c **** /******************************************************************************/
 114:../common/cmsis/device/system_stm32f4xx.c **** 
 115:../common/cmsis/device/system_stm32f4xx.c **** /**
 116:../common/cmsis/device/system_stm32f4xx.c ****   * @}
 117:../common/cmsis/device/system_stm32f4xx.c ****   */
 118:../common/cmsis/device/system_stm32f4xx.c **** 
 119:../common/cmsis/device/system_stm32f4xx.c **** /** @addtogroup STM32F4xx_System_Private_Macros
 120:../common/cmsis/device/system_stm32f4xx.c ****   * @{
 121:../common/cmsis/device/system_stm32f4xx.c ****   */
 122:../common/cmsis/device/system_stm32f4xx.c **** 
 123:../common/cmsis/device/system_stm32f4xx.c **** /**
 124:../common/cmsis/device/system_stm32f4xx.c ****   * @}
 125:../common/cmsis/device/system_stm32f4xx.c ****   */
 126:../common/cmsis/device/system_stm32f4xx.c **** 
 127:../common/cmsis/device/system_stm32f4xx.c **** /** @addtogroup STM32F4xx_System_Private_Variables
 128:../common/cmsis/device/system_stm32f4xx.c ****   * @{
 129:../common/cmsis/device/system_stm32f4xx.c ****   */
 130:../common/cmsis/device/system_stm32f4xx.c ****   /* This variable is updated in three ways:
 131:../common/cmsis/device/system_stm32f4xx.c ****       1) by calling CMSIS function SystemCoreClockUpdate()
 132:../common/cmsis/device/system_stm32f4xx.c ****       2) by calling HAL API function HAL_RCC_GetHCLKFreq()
 133:../common/cmsis/device/system_stm32f4xx.c ****       3) each time HAL_RCC_ClockConfig() is called to configure the system clock frequency 
 134:../common/cmsis/device/system_stm32f4xx.c ****          Note: If you use this function to configure the system clock; then there
 135:../common/cmsis/device/system_stm32f4xx.c ****                is no need to call the 2 first functions listed above, since SystemCoreClock
 136:../common/cmsis/device/system_stm32f4xx.c ****                variable is updated automatically.
 137:../common/cmsis/device/system_stm32f4xx.c ****   */
 138:../common/cmsis/device/system_stm32f4xx.c ****   uint32_t SystemCoreClock = 16000000;
 139:../common/cmsis/device/system_stm32f4xx.c **** const uint8_t AHBPrescTable[16] = {0, 0, 0, 0, 0, 0, 0, 0, 1, 2, 3, 4, 6, 7, 8, 9};
 140:../common/cmsis/device/system_stm32f4xx.c **** 
 141:../common/cmsis/device/system_stm32f4xx.c **** /**
 142:../common/cmsis/device/system_stm32f4xx.c ****   * @}
 143:../common/cmsis/device/system_stm32f4xx.c ****   */
 144:../common/cmsis/device/system_stm32f4xx.c **** 
ARM GAS  /tmp/ccqcPl6H.s 			page 4


 145:../common/cmsis/device/system_stm32f4xx.c **** /** @addtogroup STM32F4xx_System_Private_FunctionPrototypes
 146:../common/cmsis/device/system_stm32f4xx.c ****   * @{
 147:../common/cmsis/device/system_stm32f4xx.c ****   */
 148:../common/cmsis/device/system_stm32f4xx.c **** 
 149:../common/cmsis/device/system_stm32f4xx.c **** #if defined (DATA_IN_ExtSRAM) || defined (DATA_IN_ExtSDRAM)
 150:../common/cmsis/device/system_stm32f4xx.c ****   static void SystemInit_ExtMemCtl(void); 
 151:../common/cmsis/device/system_stm32f4xx.c **** #endif /* DATA_IN_ExtSRAM || DATA_IN_ExtSDRAM */
 152:../common/cmsis/device/system_stm32f4xx.c **** 
 153:../common/cmsis/device/system_stm32f4xx.c **** /**
 154:../common/cmsis/device/system_stm32f4xx.c ****   * @}
 155:../common/cmsis/device/system_stm32f4xx.c ****   */
 156:../common/cmsis/device/system_stm32f4xx.c **** 
 157:../common/cmsis/device/system_stm32f4xx.c **** /** @addtogroup STM32F4xx_System_Private_Functions
 158:../common/cmsis/device/system_stm32f4xx.c ****   * @{
 159:../common/cmsis/device/system_stm32f4xx.c ****   */
 160:../common/cmsis/device/system_stm32f4xx.c **** 
 161:../common/cmsis/device/system_stm32f4xx.c **** /**
 162:../common/cmsis/device/system_stm32f4xx.c ****   * @brief  Setup the microcontroller system
 163:../common/cmsis/device/system_stm32f4xx.c ****   *         Initialize the FPU setting, vector table location and External memory 
 164:../common/cmsis/device/system_stm32f4xx.c ****   *         configuration.
 165:../common/cmsis/device/system_stm32f4xx.c ****   * @param  None
 166:../common/cmsis/device/system_stm32f4xx.c ****   * @retval None
 167:../common/cmsis/device/system_stm32f4xx.c ****   */
 168:../common/cmsis/device/system_stm32f4xx.c **** void SystemInit(void)
 169:../common/cmsis/device/system_stm32f4xx.c **** {
  29              		.loc 1 169 1 view -0
  30              		.cfi_startproc
  31              		@ args = 0, pretend = 0, frame = 0
  32              		@ frame_needed = 0, uses_anonymous_args = 0
  33              		@ link register save eliminated.
 170:../common/cmsis/device/system_stm32f4xx.c ****   /* FPU settings ------------------------------------------------------------*/
 171:../common/cmsis/device/system_stm32f4xx.c ****   /* 1. 启用 FPU（Cortex-M4F 的硬件浮点单元） */
 172:../common/cmsis/device/system_stm32f4xx.c ****   #if (__FPU_PRESENT == 1) && (__FPU_USED == 1)
 173:../common/cmsis/device/system_stm32f4xx.c ****     SCB->CPACR |= ((3UL << 10*2)|(3UL << 11*2));  /* set CP10 and CP11 Full Access */
  34              		.loc 1 173 5 view .LVU1
  35              		.loc 1 173 8 is_stmt 0 view .LVU2
  36 0000 0F49     		ldr	r1, .L2
  37 0002 D1F88830 		ldr	r3, [r1, #136]
  38              		.loc 1 173 16 view .LVU3
  39 0006 43F47003 		orr	r3, r3, #15728640
  40 000a C1F88830 		str	r3, [r1, #136]
 174:../common/cmsis/device/system_stm32f4xx.c ****     /* CP10 和 CP11 设为 Full Access（允许在任意权限级别使用 FPU） */
 175:../common/cmsis/device/system_stm32f4xx.c ****   #endif
 176:../common/cmsis/device/system_stm32f4xx.c ****   /* Reset the RCC clock configuration to the default reset state ------------*/
 177:../common/cmsis/device/system_stm32f4xx.c ****   /* 2. 重置 RCC 时钟到默认状态（使用内部 HSI 16MHz） */
 178:../common/cmsis/device/system_stm32f4xx.c ****   /* Set HSION bit */
 179:../common/cmsis/device/system_stm32f4xx.c ****   RCC->CR |= (uint32_t)0x00000001;  /* 使能 HSI */
  41              		.loc 1 179 3 is_stmt 1 view .LVU4
  42              		.loc 1 179 6 is_stmt 0 view .LVU5
  43 000e 0D4B     		ldr	r3, .L2+4
  44 0010 1A68     		ldr	r2, [r3]
  45              		.loc 1 179 11 view .LVU6
  46 0012 42F00102 		orr	r2, r2, #1
  47 0016 1A60     		str	r2, [r3]
 180:../common/cmsis/device/system_stm32f4xx.c **** 
 181:../common/cmsis/device/system_stm32f4xx.c ****   /* Reset CFGR register */
 182:../common/cmsis/device/system_stm32f4xx.c ****   RCC->CFGR = 0x00000000;           /* 系统时钟切换回 HSI */
ARM GAS  /tmp/ccqcPl6H.s 			page 5


  48              		.loc 1 182 3 is_stmt 1 view .LVU7
  49              		.loc 1 182 13 is_stmt 0 view .LVU8
  50 0018 0020     		movs	r0, #0
  51 001a 9860     		str	r0, [r3, #8]
 183:../common/cmsis/device/system_stm32f4xx.c **** 
 184:../common/cmsis/device/system_stm32f4xx.c ****   /* Reset HSEON, CSSON and PLLON bits */
 185:../common/cmsis/device/system_stm32f4xx.c ****   RCC->CR &= (uint32_t)0xFEF6FFFF;  /* 关闭 HSE、CSS、PLL */
  52              		.loc 1 185 3 is_stmt 1 view .LVU9
  53              		.loc 1 185 6 is_stmt 0 view .LVU10
  54 001c 1A68     		ldr	r2, [r3]
  55              		.loc 1 185 11 view .LVU11
  56 001e 22F08472 		bic	r2, r2, #17301504
  57 0022 22F48032 		bic	r2, r2, #65536
  58 0026 1A60     		str	r2, [r3]
 186:../common/cmsis/device/system_stm32f4xx.c **** 
 187:../common/cmsis/device/system_stm32f4xx.c ****   /* Reset PLLCFGR register */
 188:../common/cmsis/device/system_stm32f4xx.c ****   RCC->PLLCFGR = 0x24003010;        /* 复位 PLL 配置 */
  59              		.loc 1 188 3 is_stmt 1 view .LVU12
  60              		.loc 1 188 16 is_stmt 0 view .LVU13
  61 0028 074A     		ldr	r2, .L2+8
  62 002a 5A60     		str	r2, [r3, #4]
 189:../common/cmsis/device/system_stm32f4xx.c **** 
 190:../common/cmsis/device/system_stm32f4xx.c ****   /* Reset HSEBYP bit */
 191:../common/cmsis/device/system_stm32f4xx.c ****   RCC->CR &= (uint32_t)0xFFFBFFFF;  /* 关闭 HSE Bypass */
  63              		.loc 1 191 3 is_stmt 1 view .LVU14
  64              		.loc 1 191 6 is_stmt 0 view .LVU15
  65 002c 1A68     		ldr	r2, [r3]
  66              		.loc 1 191 11 view .LVU16
  67 002e 22F48022 		bic	r2, r2, #262144
  68 0032 1A60     		str	r2, [r3]
 192:../common/cmsis/device/system_stm32f4xx.c **** 
 193:../common/cmsis/device/system_stm32f4xx.c ****   /* Disable all interrupts */
 194:../common/cmsis/device/system_stm32f4xx.c ****   RCC->CIR = 0x00000000;            /* 清除所有时钟中断标志 */
  69              		.loc 1 194 3 is_stmt 1 view .LVU17
  70              		.loc 1 194 12 is_stmt 0 view .LVU18
  71 0034 D860     		str	r0, [r3, #12]
 195:../common/cmsis/device/system_stm32f4xx.c **** 
 196:../common/cmsis/device/system_stm32f4xx.c **** #if defined (DATA_IN_ExtSRAM) || defined (DATA_IN_ExtSDRAM)
 197:../common/cmsis/device/system_stm32f4xx.c ****   SystemInit_ExtMemCtl(); 
 198:../common/cmsis/device/system_stm32f4xx.c **** #endif /* DATA_IN_ExtSRAM || DATA_IN_ExtSDRAM */
 199:../common/cmsis/device/system_stm32f4xx.c **** 
 200:../common/cmsis/device/system_stm32f4xx.c ****   /* Configure the Vector Table location add offset address ------------------*/
 201:../common/cmsis/device/system_stm32f4xx.c **** #ifdef VECT_TAB_SRAM
 202:../common/cmsis/device/system_stm32f4xx.c ****   SCB->VTOR = SRAM_BASE | VECT_TAB_OFFSET; /* Vector Table Relocation in Internal SRAM */
 203:../common/cmsis/device/system_stm32f4xx.c **** #else
 204:../common/cmsis/device/system_stm32f4xx.c ****   /* 3. 设置中断向量表位置 */
 205:../common/cmsis/device/system_stm32f4xx.c ****   SCB->VTOR = FLASH_BASE | VECT_TAB_OFFSET; /* Vector Table Relocation in Internal FLASH */
  72              		.loc 1 205 3 is_stmt 1 view .LVU19
  73              		.loc 1 205 13 is_stmt 0 view .LVU20
  74 0036 4FF00063 		mov	r3, #134217728
  75 003a 8B60     		str	r3, [r1, #8]
 206:../common/cmsis/device/system_stm32f4xx.c ****   /* FLASH_BASE = 0x08000000, VECT_TAB_OFFSET = 0x00
 207:../common/cmsis/device/system_stm32f4xx.c ****   所以 SCB->VTOR = 0x08000000
 208:../common/cmsis/device/system_stm32f4xx.c ****   这对 Bootloader 是正确的；Application 需要之后再手动改为 0x08010000 */
 209:../common/cmsis/device/system_stm32f4xx.c **** #endif
 210:../common/cmsis/device/system_stm32f4xx.c **** }
  76              		.loc 1 210 1 view .LVU21
ARM GAS  /tmp/ccqcPl6H.s 			page 6


  77 003c 7047     		bx	lr
  78              	.L3:
  79 003e 00BF     		.align	2
  80              	.L2:
  81 0040 00ED00E0 		.word	-536810240
  82 0044 00380240 		.word	1073887232
  83 0048 10300024 		.word	603992080
  84              		.cfi_endproc
  85              	.LFE123:
  87              		.section	.text.SystemCoreClockUpdate,"ax",%progbits
  88              		.align	1
  89              		.global	SystemCoreClockUpdate
  90              		.syntax unified
  91              		.thumb
  92              		.thumb_func
  94              	SystemCoreClockUpdate:
  95              	.LFB124:
 211:../common/cmsis/device/system_stm32f4xx.c **** 
 212:../common/cmsis/device/system_stm32f4xx.c **** /**
 213:../common/cmsis/device/system_stm32f4xx.c ****    * @brief  Update SystemCoreClock variable according to Clock Register Values.
 214:../common/cmsis/device/system_stm32f4xx.c ****   *         The SystemCoreClock variable contains the core clock (HCLK), it can
 215:../common/cmsis/device/system_stm32f4xx.c ****   *         be used by the user application to setup the SysTick timer or configure
 216:../common/cmsis/device/system_stm32f4xx.c ****   *         other parameters.
 217:../common/cmsis/device/system_stm32f4xx.c ****   *           
 218:../common/cmsis/device/system_stm32f4xx.c ****   * @note   Each time the core clock (HCLK) changes, this function must be called
 219:../common/cmsis/device/system_stm32f4xx.c ****   *         to update SystemCoreClock variable value. Otherwise, any configuration
 220:../common/cmsis/device/system_stm32f4xx.c ****   *         based on this variable will be incorrect.         
 221:../common/cmsis/device/system_stm32f4xx.c ****   *     
 222:../common/cmsis/device/system_stm32f4xx.c ****   * @note   - The system frequency computed by this function is not the real 
 223:../common/cmsis/device/system_stm32f4xx.c ****   *           frequency in the chip. It is calculated based on the predefined 
 224:../common/cmsis/device/system_stm32f4xx.c ****   *           constant and the selected clock source:
 225:../common/cmsis/device/system_stm32f4xx.c ****   *             
 226:../common/cmsis/device/system_stm32f4xx.c ****   *           - If SYSCLK source is HSI, SystemCoreClock will contain the HSI_VALUE(*)
 227:../common/cmsis/device/system_stm32f4xx.c ****   *                                              
 228:../common/cmsis/device/system_stm32f4xx.c ****   *           - If SYSCLK source is HSE, SystemCoreClock will contain the HSE_VALUE(**)
 229:../common/cmsis/device/system_stm32f4xx.c ****   *                          
 230:../common/cmsis/device/system_stm32f4xx.c ****   *           - If SYSCLK source is PLL, SystemCoreClock will contain the HSE_VALUE(**) 
 231:../common/cmsis/device/system_stm32f4xx.c ****   *             or HSI_VALUE(*) multiplied/divided by the PLL factors.
 232:../common/cmsis/device/system_stm32f4xx.c ****   *         
 233:../common/cmsis/device/system_stm32f4xx.c ****   *         (*) HSI_VALUE is a constant defined in stm32f4xx_hal_conf.h file (default value
 234:../common/cmsis/device/system_stm32f4xx.c ****   *             16 MHz) but the real value may vary depending on the variations
 235:../common/cmsis/device/system_stm32f4xx.c ****   *             in voltage and temperature.   
 236:../common/cmsis/device/system_stm32f4xx.c ****   *    
 237:../common/cmsis/device/system_stm32f4xx.c ****   *         (**) HSE_VALUE is a constant defined in stm32f4xx_hal_conf.h file (its value
 238:../common/cmsis/device/system_stm32f4xx.c ****   *              depends on the application requirements), user has to ensure that HSE_VALUE
 239:../common/cmsis/device/system_stm32f4xx.c ****   *              is same as the real frequency of the crystal used. Otherwise, this function
 240:../common/cmsis/device/system_stm32f4xx.c ****   *              may have wrong result.
 241:../common/cmsis/device/system_stm32f4xx.c ****   *                
 242:../common/cmsis/device/system_stm32f4xx.c ****   *         - The result of this function could be not correct when using fractional
 243:../common/cmsis/device/system_stm32f4xx.c ****   *           value for HSE crystal.
 244:../common/cmsis/device/system_stm32f4xx.c ****   *     
 245:../common/cmsis/device/system_stm32f4xx.c ****   * @param  None
 246:../common/cmsis/device/system_stm32f4xx.c ****   * @retval None
 247:../common/cmsis/device/system_stm32f4xx.c ****   */
 248:../common/cmsis/device/system_stm32f4xx.c **** void SystemCoreClockUpdate(void)
 249:../common/cmsis/device/system_stm32f4xx.c **** {
  96              		.loc 1 249 1 is_stmt 1 view -0
ARM GAS  /tmp/ccqcPl6H.s 			page 7


  97              		.cfi_startproc
  98              		@ args = 0, pretend = 0, frame = 0
  99              		@ frame_needed = 0, uses_anonymous_args = 0
 100              		@ link register save eliminated.
 250:../common/cmsis/device/system_stm32f4xx.c ****   uint32_t tmp = 0, pllvco = 0, pllp = 2, pllsource = 0, pllm = 2;
 101              		.loc 1 250 3 view .LVU23
 102              	.LVL0:
 251:../common/cmsis/device/system_stm32f4xx.c ****   
 252:../common/cmsis/device/system_stm32f4xx.c ****   /* Get SYSCLK source -------------------------------------------------------*/
 253:../common/cmsis/device/system_stm32f4xx.c ****   tmp = RCC->CFGR & RCC_CFGR_SWS;
 103              		.loc 1 253 3 view .LVU24
 104              		.loc 1 253 12 is_stmt 0 view .LVU25
 105 0000 224B     		ldr	r3, .L11
 106 0002 9B68     		ldr	r3, [r3, #8]
 107              		.loc 1 253 7 view .LVU26
 108 0004 03F00C03 		and	r3, r3, #12
 109              	.LVL1:
 254:../common/cmsis/device/system_stm32f4xx.c **** 
 255:../common/cmsis/device/system_stm32f4xx.c ****   /* 读取 RCC->CFGR 的 SWS 位，判断当前系统时钟来源 */
 256:../common/cmsis/device/system_stm32f4xx.c ****   switch (tmp)
 110              		.loc 1 256 3 is_stmt 1 view .LVU27
 111 0008 042B     		cmp	r3, #4
 112 000a 11D0     		beq	.L5
 113 000c 082B     		cmp	r3, #8
 114 000e 13D0     		beq	.L6
 115 0010 002B     		cmp	r3, #0
 116 0012 37D1     		bne	.L7
 257:../common/cmsis/device/system_stm32f4xx.c ****   {
 258:../common/cmsis/device/system_stm32f4xx.c ****     case 0x00:  /* HSI used as system clock source */
 259:../common/cmsis/device/system_stm32f4xx.c ****       SystemCoreClock = HSI_VALUE;
 117              		.loc 1 259 7 view .LVU28
 118              		.loc 1 259 23 is_stmt 0 view .LVU29
 119 0014 1E4B     		ldr	r3, .L11+4
 120              	.LVL2:
 121              		.loc 1 259 23 view .LVU30
 122 0016 1F4A     		ldr	r2, .L11+8
 123 0018 1A60     		str	r2, [r3]
 260:../common/cmsis/device/system_stm32f4xx.c ****       break;
 124              		.loc 1 260 7 is_stmt 1 view .LVU31
 125              	.LVL3:
 126              	.L8:
 261:../common/cmsis/device/system_stm32f4xx.c ****     case 0x04:  /* HSE used as system clock source */
 262:../common/cmsis/device/system_stm32f4xx.c ****       SystemCoreClock = HSE_VALUE;
 263:../common/cmsis/device/system_stm32f4xx.c ****       break;
 264:../common/cmsis/device/system_stm32f4xx.c ****     case 0x08:  /* PLL used as system clock source */
 265:../common/cmsis/device/system_stm32f4xx.c **** 
 266:../common/cmsis/device/system_stm32f4xx.c ****       /* PLL_VCO = (HSE_VALUE or HSI_VALUE / PLL_M) * PLL_N
 267:../common/cmsis/device/system_stm32f4xx.c ****          SYSCLK = PLL_VCO / PLL_P
 268:../common/cmsis/device/system_stm32f4xx.c ****          */    
 269:../common/cmsis/device/system_stm32f4xx.c ****       pllsource = (RCC->PLLCFGR & RCC_PLLCFGR_PLLSRC) >> 22;
 270:../common/cmsis/device/system_stm32f4xx.c ****       pllm = RCC->PLLCFGR & RCC_PLLCFGR_PLLM;
 271:../common/cmsis/device/system_stm32f4xx.c ****       
 272:../common/cmsis/device/system_stm32f4xx.c ****       if (pllsource != 0)
 273:../common/cmsis/device/system_stm32f4xx.c ****       {
 274:../common/cmsis/device/system_stm32f4xx.c ****         /* HSE used as PLL clock source */
 275:../common/cmsis/device/system_stm32f4xx.c ****         pllvco = (HSE_VALUE / pllm) * ((RCC->PLLCFGR & RCC_PLLCFGR_PLLN) >> 6);
 276:../common/cmsis/device/system_stm32f4xx.c ****       }
ARM GAS  /tmp/ccqcPl6H.s 			page 8


 277:../common/cmsis/device/system_stm32f4xx.c ****       else
 278:../common/cmsis/device/system_stm32f4xx.c ****       {
 279:../common/cmsis/device/system_stm32f4xx.c ****         /* HSI used as PLL clock source */
 280:../common/cmsis/device/system_stm32f4xx.c ****         pllvco = (HSI_VALUE / pllm) * ((RCC->PLLCFGR & RCC_PLLCFGR_PLLN) >> 6);
 281:../common/cmsis/device/system_stm32f4xx.c ****       }
 282:../common/cmsis/device/system_stm32f4xx.c **** 
 283:../common/cmsis/device/system_stm32f4xx.c ****       pllp = (((RCC->PLLCFGR & RCC_PLLCFGR_PLLP) >>16) + 1 ) *2;
 284:../common/cmsis/device/system_stm32f4xx.c ****       SystemCoreClock = pllvco/pllp;
 285:../common/cmsis/device/system_stm32f4xx.c ****       break;
 286:../common/cmsis/device/system_stm32f4xx.c ****     default:
 287:../common/cmsis/device/system_stm32f4xx.c ****       SystemCoreClock = HSI_VALUE;
 288:../common/cmsis/device/system_stm32f4xx.c ****       break;
 289:../common/cmsis/device/system_stm32f4xx.c ****   }
 290:../common/cmsis/device/system_stm32f4xx.c ****   /* Compute HCLK frequency --------------------------------------------------*/
 291:../common/cmsis/device/system_stm32f4xx.c ****   /* Get HCLK prescaler */
 292:../common/cmsis/device/system_stm32f4xx.c ****   tmp = AHBPrescTable[((RCC->CFGR & RCC_CFGR_HPRE) >> 4)];
 127              		.loc 1 292 3 view .LVU32
 128              		.loc 1 292 28 is_stmt 0 view .LVU33
 129 001a 1C4B     		ldr	r3, .L11
 130 001c 9B68     		ldr	r3, [r3, #8]
 131              		.loc 1 292 52 view .LVU34
 132 001e C3F30313 		ubfx	r3, r3, #4, #4
 133              		.loc 1 292 22 view .LVU35
 134 0022 1D4A     		ldr	r2, .L11+12
 135 0024 D15C     		ldrb	r1, [r2, r3]	@ zero_extendqisi2
 136              	.LVL4:
 293:../common/cmsis/device/system_stm32f4xx.c ****   /* HCLK frequency */
 294:../common/cmsis/device/system_stm32f4xx.c ****   SystemCoreClock >>= tmp;
 137              		.loc 1 294 3 is_stmt 1 view .LVU36
 138              		.loc 1 294 19 is_stmt 0 view .LVU37
 139 0026 1A4A     		ldr	r2, .L11+4
 140 0028 1368     		ldr	r3, [r2]
 141 002a CB40     		lsrs	r3, r3, r1
 142 002c 1360     		str	r3, [r2]
 295:../common/cmsis/device/system_stm32f4xx.c **** }
 143              		.loc 1 295 1 view .LVU38
 144 002e 7047     		bx	lr
 145              	.LVL5:
 146              	.L5:
 262:../common/cmsis/device/system_stm32f4xx.c ****       break;
 147              		.loc 1 262 7 is_stmt 1 view .LVU39
 262:../common/cmsis/device/system_stm32f4xx.c ****       break;
 148              		.loc 1 262 23 is_stmt 0 view .LVU40
 149 0030 174B     		ldr	r3, .L11+4
 150              	.LVL6:
 262:../common/cmsis/device/system_stm32f4xx.c ****       break;
 151              		.loc 1 262 23 view .LVU41
 152 0032 1A4A     		ldr	r2, .L11+16
 153 0034 1A60     		str	r2, [r3]
 263:../common/cmsis/device/system_stm32f4xx.c ****     case 0x08:  /* PLL used as system clock source */
 154              		.loc 1 263 7 is_stmt 1 view .LVU42
 155 0036 F0E7     		b	.L8
 156              	.LVL7:
 157              	.L6:
 269:../common/cmsis/device/system_stm32f4xx.c ****       pllm = RCC->PLLCFGR & RCC_PLLCFGR_PLLM;
 158              		.loc 1 269 7 view .LVU43
 269:../common/cmsis/device/system_stm32f4xx.c ****       pllm = RCC->PLLCFGR & RCC_PLLCFGR_PLLM;
ARM GAS  /tmp/ccqcPl6H.s 			page 9


 159              		.loc 1 269 23 is_stmt 0 view .LVU44
 160 0038 144B     		ldr	r3, .L11
 161              	.LVL8:
 269:../common/cmsis/device/system_stm32f4xx.c ****       pllm = RCC->PLLCFGR & RCC_PLLCFGR_PLLM;
 162              		.loc 1 269 23 view .LVU45
 163 003a 5968     		ldr	r1, [r3, #4]
 164              	.LVL9:
 270:../common/cmsis/device/system_stm32f4xx.c ****       
 165              		.loc 1 270 7 is_stmt 1 view .LVU46
 270:../common/cmsis/device/system_stm32f4xx.c ****       
 166              		.loc 1 270 17 is_stmt 0 view .LVU47
 167 003c 5A68     		ldr	r2, [r3, #4]
 270:../common/cmsis/device/system_stm32f4xx.c ****       
 168              		.loc 1 270 12 view .LVU48
 169 003e 02F03F02 		and	r2, r2, #63
 170              	.LVL10:
 272:../common/cmsis/device/system_stm32f4xx.c ****       {
 171              		.loc 1 272 7 is_stmt 1 view .LVU49
 272:../common/cmsis/device/system_stm32f4xx.c ****       {
 172              		.loc 1 272 10 is_stmt 0 view .LVU50
 173 0042 11F4800F 		tst	r1, #4194304
 174 0046 13D0     		beq	.L9
 275:../common/cmsis/device/system_stm32f4xx.c ****       }
 175              		.loc 1 275 9 is_stmt 1 view .LVU51
 275:../common/cmsis/device/system_stm32f4xx.c ****       }
 176              		.loc 1 275 29 is_stmt 0 view .LVU52
 177 0048 144B     		ldr	r3, .L11+16
 178 004a B3FBF2F3 		udiv	r3, r3, r2
 275:../common/cmsis/device/system_stm32f4xx.c ****       }
 179              		.loc 1 275 44 view .LVU53
 180 004e 0F4A     		ldr	r2, .L11
 181              	.LVL11:
 275:../common/cmsis/device/system_stm32f4xx.c ****       }
 182              		.loc 1 275 44 view .LVU54
 183 0050 5268     		ldr	r2, [r2, #4]
 275:../common/cmsis/device/system_stm32f4xx.c ****       }
 184              		.loc 1 275 74 view .LVU55
 185 0052 C2F38812 		ubfx	r2, r2, #6, #9
 275:../common/cmsis/device/system_stm32f4xx.c ****       }
 186              		.loc 1 275 16 view .LVU56
 187 0056 02FB03F3 		mul	r3, r2, r3
 188              	.LVL12:
 189              	.L10:
 283:../common/cmsis/device/system_stm32f4xx.c ****       SystemCoreClock = pllvco/pllp;
 190              		.loc 1 283 7 is_stmt 1 view .LVU57
 283:../common/cmsis/device/system_stm32f4xx.c ****       SystemCoreClock = pllvco/pllp;
 191              		.loc 1 283 20 is_stmt 0 view .LVU58
 192 005a 0C4A     		ldr	r2, .L11
 193 005c 5268     		ldr	r2, [r2, #4]
 283:../common/cmsis/device/system_stm32f4xx.c ****       SystemCoreClock = pllvco/pllp;
 194              		.loc 1 283 50 view .LVU59
 195 005e C2F30142 		ubfx	r2, r2, #16, #2
 283:../common/cmsis/device/system_stm32f4xx.c ****       SystemCoreClock = pllvco/pllp;
 196              		.loc 1 283 56 view .LVU60
 197 0062 0132     		adds	r2, r2, #1
 283:../common/cmsis/device/system_stm32f4xx.c ****       SystemCoreClock = pllvco/pllp;
 198              		.loc 1 283 12 view .LVU61
ARM GAS  /tmp/ccqcPl6H.s 			page 10


 199 0064 5200     		lsls	r2, r2, #1
 200              	.LVL13:
 284:../common/cmsis/device/system_stm32f4xx.c ****       break;
 201              		.loc 1 284 7 is_stmt 1 view .LVU62
 284:../common/cmsis/device/system_stm32f4xx.c ****       break;
 202              		.loc 1 284 31 is_stmt 0 view .LVU63
 203 0066 B3FBF2F3 		udiv	r3, r3, r2
 204              	.LVL14:
 284:../common/cmsis/device/system_stm32f4xx.c ****       break;
 205              		.loc 1 284 23 view .LVU64
 206 006a 094A     		ldr	r2, .L11+4
 207              	.LVL15:
 284:../common/cmsis/device/system_stm32f4xx.c ****       break;
 208              		.loc 1 284 23 view .LVU65
 209 006c 1360     		str	r3, [r2]
 285:../common/cmsis/device/system_stm32f4xx.c ****     default:
 210              		.loc 1 285 7 is_stmt 1 view .LVU66
 211 006e D4E7     		b	.L8
 212              	.LVL16:
 213              	.L9:
 280:../common/cmsis/device/system_stm32f4xx.c ****       }
 214              		.loc 1 280 9 view .LVU67
 280:../common/cmsis/device/system_stm32f4xx.c ****       }
 215              		.loc 1 280 29 is_stmt 0 view .LVU68
 216 0070 084B     		ldr	r3, .L11+8
 217 0072 B3FBF2F3 		udiv	r3, r3, r2
 280:../common/cmsis/device/system_stm32f4xx.c ****       }
 218              		.loc 1 280 44 view .LVU69
 219 0076 054A     		ldr	r2, .L11
 220              	.LVL17:
 280:../common/cmsis/device/system_stm32f4xx.c ****       }
 221              		.loc 1 280 44 view .LVU70
 222 0078 5268     		ldr	r2, [r2, #4]
 280:../common/cmsis/device/system_stm32f4xx.c ****       }
 223              		.loc 1 280 74 view .LVU71
 224 007a C2F38812 		ubfx	r2, r2, #6, #9
 280:../common/cmsis/device/system_stm32f4xx.c ****       }
 225              		.loc 1 280 16 view .LVU72
 226 007e 02FB03F3 		mul	r3, r2, r3
 227              	.LVL18:
 280:../common/cmsis/device/system_stm32f4xx.c ****       }
 228              		.loc 1 280 16 view .LVU73
 229 0082 EAE7     		b	.L10
 230              	.LVL19:
 231              	.L7:
 287:../common/cmsis/device/system_stm32f4xx.c ****       break;
 232              		.loc 1 287 7 is_stmt 1 view .LVU74
 287:../common/cmsis/device/system_stm32f4xx.c ****       break;
 233              		.loc 1 287 23 is_stmt 0 view .LVU75
 234 0084 024B     		ldr	r3, .L11+4
 235              	.LVL20:
 287:../common/cmsis/device/system_stm32f4xx.c ****       break;
 236              		.loc 1 287 23 view .LVU76
 237 0086 034A     		ldr	r2, .L11+8
 238 0088 1A60     		str	r2, [r3]
 288:../common/cmsis/device/system_stm32f4xx.c ****   }
 239              		.loc 1 288 7 is_stmt 1 view .LVU77
ARM GAS  /tmp/ccqcPl6H.s 			page 11


 240 008a C6E7     		b	.L8
 241              	.L12:
 242              		.align	2
 243              	.L11:
 244 008c 00380240 		.word	1073887232
 245 0090 00000000 		.word	SystemCoreClock
 246 0094 0024F400 		.word	16000000
 247 0098 00000000 		.word	AHBPrescTable
 248 009c 40787D01 		.word	25000000
 249              		.cfi_endproc
 250              	.LFE124:
 252              		.global	AHBPrescTable
 253              		.section	.rodata.AHBPrescTable,"a"
 254              		.align	2
 257              	AHBPrescTable:
 258 0000 00000000 		.ascii	"\000\000\000\000\000\000\000\000\001\002\003\004\006"
 258      00000000 
 258      01020304 
 258      06
 259 000d 070809   		.ascii	"\007\010\011"
 260              		.global	SystemCoreClock
 261              		.section	.data.SystemCoreClock,"aw"
 262              		.align	2
 265              	SystemCoreClock:
 266 0000 0024F400 		.word	16000000
 267              		.text
 268              	.Letext0:
 269              		.file 2 "/usr/lib/gcc/arm-none-eabi/13.2.1/include/stdint.h"
 270              		.file 3 "../common/cmsis/core/core_cm4.h"
 271              		.file 4 "../common/cmsis/device/stm32f401xe.h"
 272              		.file 5 "../common/cmsis/device/system_stm32f4xx.h"
ARM GAS  /tmp/ccqcPl6H.s 			page 12


DEFINED SYMBOLS
                            *ABS*:00000000 system_stm32f4xx.c
     /tmp/ccqcPl6H.s:21     .text.SystemInit:00000000 $t
     /tmp/ccqcPl6H.s:27     .text.SystemInit:00000000 SystemInit
     /tmp/ccqcPl6H.s:81     .text.SystemInit:00000040 $d
     /tmp/ccqcPl6H.s:88     .text.SystemCoreClockUpdate:00000000 $t
     /tmp/ccqcPl6H.s:94     .text.SystemCoreClockUpdate:00000000 SystemCoreClockUpdate
     /tmp/ccqcPl6H.s:244    .text.SystemCoreClockUpdate:0000008c $d
     /tmp/ccqcPl6H.s:265    .data.SystemCoreClock:00000000 SystemCoreClock
     /tmp/ccqcPl6H.s:257    .rodata.AHBPrescTable:00000000 AHBPrescTable
     /tmp/ccqcPl6H.s:254    .rodata.AHBPrescTable:00000000 $d
     /tmp/ccqcPl6H.s:262    .data.SystemCoreClock:00000000 $d

NO UNDEFINED SYMBOLS
