Component: Arm Compiler for Embedded 6.24 Tool: armlink [5f371500]

==============================================================================

Section Cross References

    startup_stm32f401xe.o(STACK) refers (Special) to heapauxi.o(.text) for __use_two_region_memory
    startup_stm32f401xe.o(HEAP) refers (Special) to heapauxi.o(.text) for __use_two_region_memory
    startup_stm32f401xe.o(RESET) refers (Special) to heapauxi.o(.text) for __use_two_region_memory
    startup_stm32f401xe.o(RESET) refers to startup_stm32f401xe.o(STACK) for __initial_sp
    startup_stm32f401xe.o(RESET) refers to startup_stm32f401xe.o(.text) for Reset_Handler
    startup_stm32f401xe.o(RESET) refers to stm32f4xx_it.o(.text.NMI_Handler) for NMI_Handler
    startup_stm32f401xe.o(RESET) refers to stm32f4xx_it.o(.text.HardFault_Handler) for HardFault_Handler
    startup_stm32f401xe.o(RESET) refers to stm32f4xx_it.o(.text.MemManage_Handler) for MemManage_Handler
    startup_stm32f401xe.o(RESET) refers to stm32f4xx_it.o(.text.BusFault_Handler) for BusFault_Handler
    startup_stm32f401xe.o(RESET) refers to stm32f4xx_it.o(.text.UsageFault_Handler) for UsageFault_Handler
    startup_stm32f401xe.o(RESET) refers to stm32f4xx_it.o(.text.SVC_Handler) for SVC_Handler
    startup_stm32f401xe.o(RESET) refers to stm32f4xx_it.o(.text.DebugMon_Handler) for DebugMon_Handler
    startup_stm32f401xe.o(RESET) refers to stm32f4xx_it.o(.text.PendSV_Handler) for PendSV_Handler
    startup_stm32f401xe.o(RESET) refers to stm32f4xx_it.o(.text.SysTick_Handler) for SysTick_Handler
    startup_stm32f401xe.o(RESET) refers to stm32f4xx_it.o(.text.TIM2_IRQHandler) for TIM2_IRQHandler
    startup_stm32f401xe.o(RESET) refers to stm32f4xx_it.o(.text.USART1_IRQHandler) for USART1_IRQHandler
    startup_stm32f401xe.o(.text) refers (Special) to heapauxi.o(.text) for __use_two_region_memory
    startup_stm32f401xe.o(.text) refers to system_stm32f4xx.o(.text.SystemInit) for SystemInit
    startup_stm32f401xe.o(.text) refers to __main.o(!!!main) for __main
    startup_stm32f401xe.o(.text) refers to startup_stm32f401xe.o(HEAP) for Heap_Mem
    startup_stm32f401xe.o(.text) refers to startup_stm32f401xe.o(STACK) for Stack_Mem
    main_1.o(.text.Task1) refers to main_1.o(.text.MPU6050_Read_Raw) for MPU6050_Read_Raw
    main_1.o(.text.Task1) refers to main_1.o(.text.HMC5883L_Read_Raw) for HMC5883L_Read_Raw
    main_1.o(.text.Task1) refers to main_1.o(.text.MS5611_Read_Raw) for MS5611_Read_Raw
    main_1.o(.text.Task1) refers to main_1.o(.bss.Accel_X_RAW) for Accel_X_RAW
    main_1.o(.text.Task1) refers to main_1.o(.bss.Accel_Y_RAW) for Accel_Y_RAW
    main_1.o(.text.Task1) refers to main_1.o(.bss.Accel_Z_RAW) for Accel_Z_RAW
    main_1.o(.text.Task1) refers to main_1.o(.bss.Gyro_X_RAW) for Gyro_X_RAW
    main_1.o(.text.Task1) refers to main_1.o(.bss.Gyro_Y_RAW) for Gyro_Y_RAW
    main_1.o(.text.Task1) refers to main_1.o(.bss.Gyro_Z_RAW) for Gyro_Z_RAW
    main_1.o(.text.Task1) refers to main_1.o(.rodata.str1.1) for .L.str
    main_1.o(.text.Task1) refers to sprintf.o(.text) for sprintf
    main_1.o(.text.Task1) refers to strlen.o(.text) for strlen
    main_1.o(.text.Task1) refers to usart.o(.bss.huart1) for huart1
    main_1.o(.text.Task1) refers to stm32f4xx_hal_uart.o(.text.HAL_UART_Transmit) for HAL_UART_Transmit
    main_1.o(.text.Task1) refers to main_1.o(.bss.Mag_X_RAW) for Mag_X_RAW
    main_1.o(.text.Task1) refers to main_1.o(.bss.Mag_Y_RAW) for Mag_Y_RAW
    main_1.o(.text.Task1) refers to main_1.o(.bss.Mag_Z_RAW) for Mag_Z_RAW
    main_1.o(.text.Task1) refers to main_1.o(.bss.D1_Pressure_RAW) for D1_Pressure_RAW
    main_1.o(.text.Task1) refers to main_1.o(.bss.D2_Temperature_RAW) for D2_Temperature_RAW
    main_1.o(.text.Task1) refers to stm32f4xx_hal.o(.text.HAL_Delay) for HAL_Delay
    main_1.o(.ARM.exidx.text.Task1) refers to main_1.o(.text.Task1) for [Anonymous Symbol]
    main_1.o(.text.MPU6050_Read_Raw) refers to i2c.o(.bss.hi2c1) for hi2c1
    main_1.o(.text.MPU6050_Read_Raw) refers to stm32f4xx_hal_i2c.o(.text.HAL_I2C_Mem_Read) for HAL_I2C_Mem_Read
    main_1.o(.text.MPU6050_Read_Raw) refers to main_1.o(.bss.Accel_X_RAW) for Accel_X_RAW
    main_1.o(.text.MPU6050_Read_Raw) refers to main_1.o(.bss.Accel_Y_RAW) for Accel_Y_RAW
    main_1.o(.text.MPU6050_Read_Raw) refers to main_1.o(.bss.Accel_Z_RAW) for Accel_Z_RAW
    main_1.o(.text.MPU6050_Read_Raw) refers to main_1.o(.bss.Gyro_X_RAW) for Gyro_X_RAW
    main_1.o(.text.MPU6050_Read_Raw) refers to main_1.o(.bss.Gyro_Y_RAW) for Gyro_Y_RAW
    main_1.o(.text.MPU6050_Read_Raw) refers to main_1.o(.bss.Gyro_Z_RAW) for Gyro_Z_RAW
    main_1.o(.ARM.exidx.text.MPU6050_Read_Raw) refers to main_1.o(.text.MPU6050_Read_Raw) for [Anonymous Symbol]
    main_1.o(.text.HMC5883L_Read_Raw) refers to i2c.o(.bss.hi2c1) for hi2c1
    main_1.o(.text.HMC5883L_Read_Raw) refers to stm32f4xx_hal_i2c.o(.text.HAL_I2C_Mem_Read) for HAL_I2C_Mem_Read
    main_1.o(.text.HMC5883L_Read_Raw) refers to main_1.o(.bss.Mag_X_RAW) for Mag_X_RAW
[...]
    TIM1_TRG_COM_TIM11_IRQHandler            0x08000327   Thumb Code     0  startup_stm32f401xe.o(.text)
    TIM1_UP_TIM10_IRQHandler                 0x08000327   Thumb Code     0  startup_stm32f401xe.o(.text)
    TIM3_IRQHandler                          0x08000327   Thumb Code     0  startup_stm32f401xe.o(.text)
    TIM4_IRQHandler                          0x08000327   Thumb Code     0  startup_stm32f401xe.o(.text)
    TIM5_IRQHandler                          0x08000327   Thumb Code     0  startup_stm32f401xe.o(.text)
    USART2_IRQHandler                        0x08000327   Thumb Code     0  startup_stm32f401xe.o(.text)
    USART6_IRQHandler                        0x08000327   Thumb Code     0  startup_stm32f401xe.o(.text)
    WWDG_IRQHandler                          0x08000327   Thumb Code     0  startup_stm32f401xe.o(.text)
    __user_initial_stackheap                 0x08000329   Thumb Code     0  startup_stm32f401xe.o(.text)
    OS_CPU_FP_Reg_Push                       0x0800034d   Thumb Code     0  os_cpu_a.o(.text)
    OS_CPU_FP_Reg_Pop                        0x0800035f   Thumb Code     0  os_cpu_a.o(.text)
    OS_CPU_SR_Save                           0x0800036b   Thumb Code     0  os_cpu_a.o(.text)
    OS_CPU_SR_Restore                        0x08000387   Thumb Code     0  os_cpu_a.o(.text)
    OSStartHighRdy                           0x08000399   Thumb Code     0  os_cpu_a.o(.text)
    OSCtxSw                                  0x080003f1   Thumb Code     0  os_cpu_a.o(.text)
    OSIntCtxSw                               0x080003f1   Thumb Code     0  os_cpu_a.o(.text)
    OS_CPU_PendSVHandler                     0x080003fb   Thumb Code     0  os_cpu_a.o(.text)
    __aeabi_uldivmod                         0x08000481   Thumb Code     0  lludivv7m.o(.text)
    _ll_udiv                                 0x08000481   Thumb Code   240  lludivv7m.o(.text)
    sprintf                                  0x08000571   Thumb Code    38  sprintf.o(.text)
    strlen                                   0x0800059d   Thumb Code    62  strlen.o(.text)
    __aeabi_memclr4                          0x080005db   Thumb Code     0  rt_memclr_w.o(.text)
    __aeabi_memclr8                          0x080005db   Thumb Code     0  rt_memclr_w.o(.text)
    __rt_memclr_w                            0x080005db   Thumb Code     0  rt_memclr_w.o(.text)
    _memset_w                                0x080005df   Thumb Code    74  rt_memclr_w.o(.text)
    __use_two_region_memory                  0x08000629   Thumb Code     2  heapauxi.o(.text)
    __rt_heap_escrow$2region                 0x0800062b   Thumb Code     2  heapauxi.o(.text)
    __rt_heap_expand$2region                 0x0800062d   Thumb Code     2  heapauxi.o(.text)
    _printf_pre_padding                      0x0800062f   Thumb Code    44  _printf_pad.o(.text)
    _printf_post_padding                     0x0800065b   Thumb Code    34  _printf_pad.o(.text)
    _printf_truncate_signed                  0x0800067d   Thumb Code    18  _printf_truncate.o(.text)
    _printf_truncate_unsigned                0x0800068f   Thumb Code    18  _printf_truncate.o(.text)
    _printf_str                              0x080006a1   Thumb Code    82  _printf_str.o(.text)
    _printf_int_dec                          0x080006f5   Thumb Code   104  _printf_dec.o(.text)
    _printf_charcount                        0x0800076d   Thumb Code    40  _printf_charcount.o(.text)
    _printf_char_common                      0x0800079f   Thumb Code    32  _printf_char_common.o(.text)
    _sputc                                   0x080007c5   Thumb Code    10  _sputc.o(.text)
    _printf_wctomb                           0x080007d1   Thumb Code   182  _printf_wctomb.o(.text)
    _printf_longlong_dec                     0x0800088d   Thumb Code   108  _printf_longlong_dec.o(.text)
    _printf_longlong_oct                     0x08000909   Thumb Code    68  _printf_oct_int_ll.o(.text)
    _printf_int_oct                          0x0800094d   Thumb Code    24  _printf_oct_int_ll.o(.text)
    _printf_ll_oct                           0x08000965   Thumb Code    12  _printf_oct_int_ll.o(.text)
    _printf_longlong_hex                     0x08000979   Thumb Code    86  _printf_hex_int_ll_ptr.o(.text)
    _printf_int_hex                          0x080009cf   Thumb Code    28  _printf_hex_int_ll_ptr.o(.text)
    _printf_ll_hex                           0x080009eb   Thumb Code    12  _printf_hex_int_ll_ptr.o(.text)
    _printf_hex_ptr                          0x080009f7   Thumb Code    18  _printf_hex_int_ll_ptr.o(.text)
    __printf                                 0x08000a0d   Thumb Code   388  __printf_flags_ss_wp.o(.text)
    _ll_udiv10                               0x08000b95   Thumb Code   138  lludiv10.o(.text)
    _printf_int_common                       0x08000c1f   Thumb Code   178  _printf_intcommon.o(.text)
    _printf_fp_dec_real                      0x08000e81   Thumb Code   620  _printf_fp_dec.o(.text)
    _printf_fp_hex_real                      0x080010ed   Thumb Code   756  _printf_fp_hex.o(.text)
    _printf_cs_common                        0x080013e9   Thumb Code    20  _printf_char.o(.text)
    _printf_char                             0x080013fd   Thumb Code    16  _printf_char.o(.text)
    _printf_string                           0x0800140d   Thumb Code     8  _printf_char.o(.text)
    _printf_lcs_common                       0x08001415   Thumb Code    20  _printf_wchar.o(.text)
    _printf_wchar                            0x08001429   Thumb Code    16  _printf_wchar.o(.text)
    _printf_wstring                          0x08001439   Thumb Code     8  _printf_wchar.o(.text)
    _c16rtomb                                0x08001441   Thumb Code    72  _c16rtomb.o(.text)
    _wcrtomb                                 0x08001441   Thumb Code     0  _c16rtomb.o(.text)
    __user_setup_stackheap                   0x08001489   Thumb Code    74  sys_stackheap_outer.o(.text)
    __rt_ctype_table                         0x080014d5   Thumb Code    16  rt_ctype_table.o(.text)
    __rt_locale                              0x080014e5   Thumb Code     8  rt_locale_intlibspace.o(.text)
    _printf_fp_infnan                        0x080014ed   Thumb Code   112  _printf_fp_infnan.o(.text)
    _btod_etento                             0x0800156d   Thumb Code   224  bigflt0.o(.text)
    exit                                     0x08001651   Thumb Code    18  exit.o(.text)
    __user_libspace                          0x08001665   Thumb Code     8  libspace.o(.text)
    __user_perproc_libspace                  0x08001665   Thumb Code     0  libspace.o(.text)
    __user_perthread_libspace                0x08001665   Thumb Code     0  libspace.o(.text)
    strcmp                                   0x08001671   Thumb Code   124  strcmpv7em.o(.text)
    _sys_exit                                0x080016ed   Thumb Code     8  sys_exit.o(.text)
    __I$use$semihosting                      0x080016f9   Thumb Code     0  use_no_semi.o(.text)
    __use_no_semihosting_swi                 0x080016f9   Thumb Code     2  use_no_semi.o(.text)
    __semihosting_library_function           0x080016fb   Thumb Code     0  indicate_semi.o(.text)
    All_Sensors_Init                         0x080016fd   Thumb Code    16  main_1.o(.text.All_Sensors_Init)
    BusFault_Handler                         0x0800170d   Thumb Code     4  stm32f4xx_it.o(.text.BusFault_Handler)
    DebugMon_Handler                         0x08001711   Thumb Code     2  stm32f4xx_it.o(.text.DebugMon_Handler)
    Error_Handler                            0x08001715   Thumb Code     6  main_1.o(.text.Error_Handler)
    HAL_DMA_Abort                            0x0800171d   Thumb Code   236  stm32f4xx_hal_dma.o(.text.HAL_DMA_Abort)
    HAL_DMA_Abort_IT                         0x08001809   Thumb Code    68  stm32f4xx_hal_dma.o(.text.HAL_DMA_Abort_IT)
    HAL_Delay                                0x0800184d   Thumb Code    66  stm32f4xx_hal.o(.text.HAL_Delay)
    HAL_GPIO_Init                            0x08001891   Thumb Code   866  stm32f4xx_hal_gpio.o(.text.HAL_GPIO_Init)
    HAL_GPIO_WritePin                        0x08001bf5   Thumb Code    46  stm32f4xx_hal_gpio.o(.text.HAL_GPIO_WritePin)
    HAL_GetTick                              0x08001c25   Thumb Code    12  stm32f4xx_hal.o(.text.HAL_GetTick)
    HAL_I2C_Init                             0x08001c31   Thumb Code   676  stm32f4xx_hal_i2c.o(.text.HAL_I2C_Init)
    HAL_I2C_Master_Receive                   0x08001ed5   Thumb Code  1074  stm32f4xx_hal_i2c.o(.text.HAL_I2C_Master_Receive)
    HAL_I2C_Master_Transmit                  0x08002309   Thumb Code   524  stm32f4xx_hal_i2c.o(.text.HAL_I2C_Master_Transmit)
    HAL_I2C_Mem_Read                         0x08002515   Thumb Code  1096  stm32f4xx_hal_i2c.o(.text.HAL_I2C_Mem_Read)
    HAL_I2C_Mem_Write                        0x0800295d   Thumb Code   532  stm32f4xx_hal_i2c.o(.text.HAL_I2C_Mem_Write)
    HAL_I2C_MspInit                          0x08002b71   Thumb Code   144  i2c.o(.text.HAL_I2C_MspInit)
    HAL_IncTick                              0x08002c01   Thumb Code    26  stm32f4xx_hal.o(.text.HAL_IncTick)
    HAL_Init                                 0x08002c1d   Thumb Code    54  stm32f4xx_hal.o(.text.HAL_Init)
    HAL_InitTick                             0x08002c55   Thumb Code   112  stm32f4xx_hal.o(.text.HAL_InitTick)
    HAL_MspInit                              0x08002cc5   Thumb Code    74  stm32f4xx_hal_msp.o(.text.HAL_MspInit)
    HAL_NVIC_EnableIRQ                       0x08002d11   Thumb Code    20  stm32f4xx_hal_cortex.o(.text.HAL_NVIC_EnableIRQ)
    HAL_NVIC_SetPriority                     0x08002d25   Thumb Code    50  stm32f4xx_hal_cortex.o(.text.HAL_NVIC_SetPriority)
    HAL_NVIC_SetPriorityGrouping             0x08002d59   Thumb Code    16  stm32f4xx_hal_cortex.o(.text.HAL_NVIC_SetPriorityGrouping)
    HAL_RCC_ClockConfig                      0x08002d69   Thumb Code   610  stm32f4xx_hal_rcc.o(.text.HAL_RCC_ClockConfig)
    HAL_RCC_GetHCLKFreq                      0x08002fcd   Thumb Code    12  stm32f4xx_hal_rcc.o(.text.HAL_RCC_GetHCLKFreq)
    HAL_RCC_GetPCLK1Freq                     0x08002fd9   Thumb Code    34  stm32f4xx_hal_rcc.o(.text.HAL_RCC_GetPCLK1Freq)
    HAL_RCC_GetPCLK2Freq                     0x08002ffd   Thumb Code    34  stm32f4xx_hal_rcc.o(.text.HAL_RCC_GetPCLK2Freq)
    HAL_RCC_GetSysClockFreq                  0x08003021   Thumb Code   230  stm32f4xx_hal_rcc.o(.text.HAL_RCC_GetSysClockFreq)
    HAL_RCC_OscConfig                        0x08003109   Thumb Code  1726  stm32f4xx_hal_rcc.o(.text.HAL_RCC_OscConfig)
    HAL_SYSTICK_Config                       0x080037c9   Thumb Code    16  stm32f4xx_hal_cortex.o(.text.HAL_SYSTICK_Config)
    HAL_TIMEx_BreakCallback                  0x080037d9   Thumb Code     8  stm32f4xx_hal_tim_ex.o(.text.HAL_TIMEx_BreakCallback)
    HAL_TIMEx_CommutCallback                 0x080037e1   Thumb Code     8  stm32f4xx_hal_tim_ex.o(.text.HAL_TIMEx_CommutCallback)
    HAL_TIMEx_MasterConfigSynchronization    0x080037e9   Thumb Code   254  stm32f4xx_hal_tim_ex.o(.text.HAL_TIMEx_MasterConfigSynchronization)
    HAL_TIM_IC_CaptureCallback               0x080038e9   Thumb Code   200  main_1.o(.text.HAL_TIM_IC_CaptureCallback)
    HAL_TIM_IC_ConfigChannel                 0x080039b1   Thumb Code   304  stm32f4xx_hal_tim.o(.text.HAL_TIM_IC_ConfigChannel)
    HAL_TIM_IC_Init                          0x08003ae1   Thumb Code   156  stm32f4xx_hal_tim.o(.text.HAL_TIM_IC_Init)
    HAL_TIM_IC_MspInit                       0x08003b7d   Thumb Code   152  tim.o(.text.HAL_TIM_IC_MspInit)
    HAL_TIM_IC_Start_IT                      0x08003c15   Thumb Code   642  stm32f4xx_hal_tim.o(.text.HAL_TIM_IC_Start_IT)
    HAL_TIM_IRQHandler                       0x08003e99   Thumb Code   538  stm32f4xx_hal_tim.o(.text.HAL_TIM_IRQHandler)
    HAL_TIM_MspPostInit                      0x080040b5   Thumb Code   174  tim.o(.text.HAL_TIM_MspPostInit)
    HAL_TIM_OC_DelayElapsedCallback          0x08004165   Thumb Code     8  stm32f4xx_hal_tim.o(.text.HAL_TIM_OC_DelayElapsedCallback)
    HAL_TIM_PWM_ConfigChannel                0x0800416d   Thumb Code   322  stm32f4xx_hal_tim.o(.text.HAL_TIM_PWM_ConfigChannel)
    HAL_TIM_PWM_Init                         0x080042b1   Thumb Code   156  stm32f4xx_hal_tim.o(.text.HAL_TIM_PWM_Init)
    HAL_TIM_PWM_MspInit                      0x0800434d   Thumb Code    62  tim.o(.text.HAL_TIM_PWM_MspInit)
    HAL_TIM_PWM_PulseFinishedCallback        0x0800438d   Thumb Code     8  stm32f4xx_hal_tim.o(.text.HAL_TIM_PWM_PulseFinishedCallback)
    HAL_TIM_PWM_Start                        0x08004395   Thumb Code   384  stm32f4xx_hal_tim.o(.text.HAL_TIM_PWM_Start)
    HAL_TIM_PeriodElapsedCallback            0x08004515   Thumb Code     8  stm32f4xx_hal_tim.o(.text.HAL_TIM_PeriodElapsedCallback)
    HAL_TIM_ReadCapturedValue                0x0800451d   Thumb Code    86  stm32f4xx_hal_tim.o(.text.HAL_TIM_ReadCapturedValue)
    HAL_TIM_TriggerCallback                  0x08004575   Thumb Code     8  stm32f4xx_hal_tim.o(.text.HAL_TIM_TriggerCallback)
    HAL_UARTEx_RxEventCallback               0x0800457d   Thumb Code    12  stm32f4xx_hal_uart.o(.text.HAL_UARTEx_RxEventCallback)
    HAL_UART_ErrorCallback                   0x08004589   Thumb Code     8  stm32f4xx_hal_uart.o(.text.HAL_UART_ErrorCallback)
    HAL_UART_IRQHandler                      0x08004591   Thumb Code  1116  stm32f4xx_hal_uart.o(.text.HAL_UART_IRQHandler)
    HAL_UART_Init                            0x080049ed   Thumb Code   158  stm32f4xx_hal_uart.o(.text.HAL_UART_Init)
    HAL_UART_MspInit                         0x08004a8d   Thumb Code   164  usart.o(.text.HAL_UART_MspInit)
    HAL_UART_RxCpltCallback                  0x08004b31   Thumb Code     8  stm32f4xx_hal_uart.o(.text.HAL_UART_RxCpltCallback)
    HAL_UART_Transmit                        0x08004b39   Thumb Code   304  stm32f4xx_hal_uart.o(.text.HAL_UART_Transmit)
    HAL_UART_TxCpltCallback                  0x08004c69   Thumb Code     8  stm32f4xx_hal_uart.o(.text.HAL_UART_TxCpltCallback)
    HMC5883L_Init                            0x08004c71   Thumb Code    98  main_1.o(.text.HMC5883L_Init)
    HMC5883L_Read_Raw                        0x08004cd5   Thumb Code   114  main_1.o(.text.HMC5883L_Read_Raw)
    HardFault_Handler                        0x08004d49   Thumb Code     4  stm32f4xx_it.o(.text.HardFault_Handler)
    MPU6050_Init                             0x0800581d   Thumb Code   152  main_1.o(.text.MPU6050_Init)
    MPU6050_Read_Raw                         0x080058b5   Thumb Code   182  main_1.o(.text.MPU6050_Read_Raw)
    MS5611_PROM_Read                         0x0800596d   Thumb Code   180  main_1.o(.text.MS5611_PROM_Read)
    MS5611_Read_Raw                          0x08005a21   Thumb Code   282  main_1.o(.text.MS5611_Read_Raw)
    MX_GPIO_Init                             0x08005b3d   Thumb Code   164  gpio.o(.text.MX_GPIO_Init)
    MX_I2C1_Init                             0x08005be1   Thumb Code    72  i2c.o(.text.MX_I2C1_Init)
    MX_TIM2_Init                             0x08005c29   Thumb Code   134  tim.o(.text.MX_TIM2_Init)
    MX_TIM3_Init                             0x08005cb1   Thumb Code   234  tim.o(.text.MX_TIM3_Init)
    MX_USART1_UART_Init                      0x08005d9d   Thumb Code    64  usart.o(.text.MX_USART1_UART_Init)
    MemManage_Handler                        0x08005ddd   Thumb Code     4  stm32f4xx_it.o(.text.MemManage_Handler)
    NMI_Handler                              0x08005de1   Thumb Code     4  stm32f4xx_it.o(.text.NMI_Handler)
    OSDebugInit                              0x08005e51   Thumb Code   466  os_dbg_r.o(.text.OSDebugInit)
    OSInit                                   0x08006025   Thumb Code    52  ucos_ii.o(.text.OSInit)
    OSInitHookBegin                          0x08006059   Thumb Code   120  os_cpu_c.o(.text.OSInitHookBegin)
    OSInitHookEnd                            0x080060d1   Thumb Code     2  os_cpu_c.o(.text.OSInitHookEnd)
    OSStart                                  0x080060d5   Thumb Code    84  ucos_ii.o(.text.OSStart)
    OSTCBInitHook                            0x08006129   Thumb Code     8  os_cpu_c.o(.text.OSTCBInitHook)
    OSTaskCreate                             0x08006131   Thumb Code   282  ucos_ii.o(.text.OSTaskCreate)
    OSTaskCreateExt                          0x0800624d   Thumb Code   338  ucos_ii.o(.text.OSTaskCreateExt)
    OSTaskCreateHook                         0x080063a1   Thumb Code     8  os_cpu_c.o(.text.OSTaskCreateHook)
    OSTaskDel                                0x080063a9   Thumb Code   578  ucos_ii.o(.text.OSTaskDel)
    OSTaskDelHook                            0x080065ed   Thumb Code     8  os_cpu_c.o(.text.OSTaskDelHook)
    OSTaskIdleHook                           0x080065f5   Thumb Code     2  os_cpu_c.o(.text.OSTaskIdleHook)
    OSTaskNameSet                            0x080065f9   Thumb Code   220  ucos_ii.o(.text.OSTaskNameSet)
    OSTaskReturnHook                         0x080066d5   Thumb Code     8  os_cpu_c.o(.text.OSTaskReturnHook)
    OSTaskStatHook                           0x080066dd   Thumb Code     2  os_cpu_c.o(.text.OSTaskStatHook)
    OSTaskStkChk                             0x080066e1   Thumb Code   286  ucos_ii.o(.text.OSTaskStkChk)
    OSTaskStkInit                            0x08006801   Thumb Code   788  os_cpu_c.o(.text.OSTaskStkInit)
    OSTaskSuspend                            0x08006b15   Thumb Code   340  ucos_ii.o(.text.OSTaskSuspend)
    OSTaskSwHook                             0x08006c69   Thumb Code    36  os_cpu_c.o(.text.OSTaskSwHook)
    OSTimeDly                                0x08006c8d   Thumb Code   178  ucos_ii.o(.text.OSTimeDly)
    OS_Dummy                                 0x08006d41   Thumb Code     2  ucos_ii.o(.text.OS_Dummy)
    OS_EventTaskRemove                       0x08006d45   Thumb Code    76  ucos_ii.o(.text.OS_EventTaskRemove)
    OS_EventTaskRemoveMulti                  0x08006d91   Thumb Code   118  ucos_ii.o(.text.OS_EventTaskRemoveMulti)
    OS_FlagInit                              0x08006e09   Thumb Code   166  ucos_ii.o(.text.OS_FlagInit)
    OS_FlagUnlink                            0x08006eb1   Thumb Code    88  ucos_ii.o(.text.OS_FlagUnlink)
    OS_MemClr                                0x080071f1   Thumb Code    44  ucos_ii.o(.text.OS_MemClr)
    OS_MemInit                               0x0800721d   Thumb Code   156  ucos_ii.o(.text.OS_MemInit)
    OS_QInit                                 0x080072b9   Thumb Code   144  ucos_ii.o(.text.OS_QInit)
    OS_Sched                                 0x08007349   Thumb Code   156  ucos_ii.o(.text.OS_Sched)
    OS_TCBInit                               0x08007421   Thumb Code   538  ucos_ii.o(.text.OS_TCBInit)
    OS_TaskIdle                              0x0800763d   Thumb Code    54  ucos_ii.o(.text.OS_TaskIdle)
    OS_TaskReturn                            0x08007675   Thumb Code    24  ucos_ii.o(.text.OS_TaskReturn)
    OS_TaskStat                              0x0800768d   Thumb Code   338  ucos_ii.o(.text.OS_TaskStat)
    OS_TaskStatStkChk                        0x080077e1   Thumb Code   118  ucos_ii.o(.text.OS_TaskStatStkChk)
    OS_TaskStkClr                            0x08007859   Thumb Code    66  ucos_ii.o(.text.OS_TaskStkClr)
    PendSV_Handler                           0x0800789d   Thumb Code     2  stm32f4xx_it.o(.text.PendSV_Handler)
    SVC_Handler                              0x080078a1   Thumb Code     2  stm32f4xx_it.o(.text.SVC_Handler)
    SysTick_Handler                          0x080078f9   Thumb Code     8  stm32f4xx_it.o(.text.SysTick_Handler)
    SystemClock_Config                       0x08007901   Thumb Code   186  main_1.o(.text.SystemClock_Config)
    SystemInit                               0x080079bd   Thumb Code    18  system_stm32f4xx.o(.text.SystemInit)
    TIM2_IRQHandler                          0x080079d1   Thumb Code    16  stm32f4xx_it.o(.text.TIM2_IRQHandler)
    TIM_Base_SetConfig                       0x080079e1   Thumb Code   324  stm32f4xx_hal_tim.o(.text.TIM_Base_SetConfig)
    TIM_CCxChannelCmd                        0x08007b25   Thumb Code    54  stm32f4xx_hal_tim.o(.text.TIM_CCxChannelCmd)
    TIM_OC2_SetConfig                        0x08007c29   Thumb Code   212  stm32f4xx_hal_tim.o(.text.TIM_OC2_SetConfig)
    TIM_TI1_SetConfig                        0x08007e65   Thumb Code   238  stm32f4xx_hal_tim.o(.text.TIM_TI1_SetConfig)
    Task1                                    0x08008099   Thumb Code   290  main_1.o(.text.Task1)
    USART1_IRQHandler                        0x080086a9   Thumb Code    16  stm32f4xx_it.o(.text.USART1_IRQHandler)
    UsageFault_Handler                       0x080086b9   Thumb Code     4  stm32f4xx_it.o(.text.UsageFault_Handler)
    main                                     0x0800877d   Thumb Code   110  main_1.o(.text.main)
    _btod_d2e                                0x080087eb   Thumb Code    62  btod.o(CL$$btod_d2e)
    _d2e_denorm_low                          0x08008829   Thumb Code    70  btod.o(CL$$btod_d2e_denorm_low)
    _d2e_norm_op1                            0x0800886f   Thumb Code    96  btod.o(CL$$btod_d2e_norm_op1)
    __btod_div_common                        0x080088d1   Thumb Code   696  btod.o(CL$$btod_div_common)
    _e2e                                     0x08008c09   Thumb Code   220  btod.o(CL$$btod_e2e)
    _btod_ediv                               0x08008ce5   Thumb Code    42  btod.o(CL$$btod_ediv)
    _btod_emul                               0x08008d0f   Thumb Code    42  btod.o(CL$$btod_emul)
    __btod_mult_common                       0x08008d39   Thumb Code   580  btod.o(CL$$btod_mult_common)
    __ARM_fpclassify                         0x08008f7d   Thumb Code    48  fpclassify.o(i.__ARM_fpclassify)
    _is_digit                                0x08008fad   Thumb Code    14  __printf_wp.o(i._is_digit)
    _get_lc_numeric                          0x08008fbd   Thumb Code    44  lc_numeric_c.o(locale$$code)
    _get_lc_ctype                            0x08008fe9   Thumb Code    44  lc_ctype_c.o(locale$$code)
    _fp_init                                 0x08009015   Thumb Code    26  fpinit.o(x$fpl$fpinit)
    __fplib_config_fpu_vfp                   0x0800902d   Thumb Code     0  fpinit.o(x$fpl$fpinit)
    __fplib_config_pureend_doubles           0x0800902d   Thumb Code     0  fpinit.o(x$fpl$fpinit)
    _printf_fp_dec                           0x0800902f   Thumb Code     4  printf1.o(x$fpl$printf1)
    _printf_fp_hex                           0x08009033   Thumb Code     4  printf2.o(x$fpl$printf2)
    __I$use$fp                               0x08009036   Number         0  usenofp.o(x$fpl$usenofp)
    AHBPrescTable                            0x08009134   Data          16  system_stm32f4xx.o(.rodata.AHBPrescTable)
    APBPrescTable                            0x08009144   Data           8  system_stm32f4xx.o(.rodata.APBPrescTable)
    OSDataSize                               0x0800914c   Data           2  os_dbg_r.o(.rodata.OSDataSize)
    OSDebugEn                                0x0800914e   Data           2  os_dbg_r.o(.rodata.OSDebugEn)
    OSEndiannessTest                         0x08009150   Data           4  os_dbg_r.o(.rodata.OSEndiannessTest)
    OSEventEn                                0x08009154   Data           2  os_dbg_r.o(.rodata.OSEventEn)
    OSEventMax                               0x08009156   Data           2  os_dbg_r.o(.rodata.OSEventMax)
    OSEventMultiEn                           0x08009158   Data           2  os_dbg_r.o(.rodata.OSEventMultiEn)
    OSEventNameEn                            0x0800915a   Data           2  os_dbg_r.o(.rodata.OSEventNameEn)
    OSEventSize                              0x0800915c   Data           2  os_dbg_r.o(.rodata.OSEventSize)
    OSEventTblSize                           0x0800915e   Data           2  os_dbg_r.o(.rodata.OSEventTblSize)
    OSFlagEn                                 0x08009160   Data           2  os_dbg_r.o(.rodata.OSFlagEn)
    OSFlagGrpSize                            0x08009162   Data           2  os_dbg_r.o(.rodata.OSFlagGrpSize)
    OSFlagMax                                0x08009164   Data           2  os_dbg_r.o(.rodata.OSFlagMax)
    OSFlagNameEn                             0x08009166   Data           2  os_dbg_r.o(.rodata.OSFlagNameEn)
    OSFlagNodeSize                           0x08009168   Data           2  os_dbg_r.o(.rodata.OSFlagNodeSize)
    OSFlagWidth                              0x0800916a   Data           2  os_dbg_r.o(.rodata.OSFlagWidth)
    OSLowestPrio                             0x0800916c   Data           2  os_dbg_r.o(.rodata.OSLowestPrio)
    OSMboxEn                                 0x0800916e   Data           2  os_dbg_r.o(.rodata.OSMboxEn)
    OSMemEn                                  0x08009170   Data           2  os_dbg_r.o(.rodata.OSMemEn)
    OSMemMax                                 0x08009172   Data           2  os_dbg_r.o(.rodata.OSMemMax)
    OSMemNameEn                              0x08009174   Data           2  os_dbg_r.o(.rodata.OSMemNameEn)
    OSMemSize                                0x08009176   Data           2  os_dbg_r.o(.rodata.OSMemSize)
    OSMemTblSize                             0x08009178   Data           2  os_dbg_r.o(.rodata.OSMemTblSize)
    OSMutexEn                                0x0800917a   Data           2  os_dbg_r.o(.rodata.OSMutexEn)
    OSPtrSize                                0x0800917c   Data           2  os_dbg_r.o(.rodata.OSPtrSize)
    OSQEn                                    0x0800917e   Data           2  os_dbg_r.o(.rodata.OSQEn)
    OSQMax                                   0x08009180   Data           2  os_dbg_r.o(.rodata.OSQMax)
    OSQSize                                  0x08009182   Data           2  os_dbg_r.o(.rodata.OSQSize)
    OSRdyTblSize                             0x08009184   Data           2  os_dbg_r.o(.rodata.OSRdyTblSize)
    OSSemEn                                  0x08009186   Data           2  os_dbg_r.o(.rodata.OSSemEn)
    OSStkWidth                               0x08009188   Data           2  os_dbg_r.o(.rodata.OSStkWidth)
    OSTCBPrioTblMax                          0x0800918a   Data           2  os_dbg_r.o(.rodata.OSTCBPrioTblMax)
    OSTCBSize                                0x0800918c   Data           2  os_dbg_r.o(.rodata.OSTCBSize)
    OSTaskCreateEn                           0x0800918e   Data           2  os_dbg_r.o(.rodata.OSTaskCreateEn)
    OSTaskCreateExtEn                        0x08009190   Data           2  os_dbg_r.o(.rodata.OSTaskCreateExtEn)
    OSTaskDelEn                              0x08009192   Data           2  os_dbg_r.o(.rodata.OSTaskDelEn)
    OSTaskIdleStkSize                        0x08009194   Data           2  os_dbg_r.o(.rodata.OSTaskIdleStkSize)
    OSTaskMax                                0x08009196   Data           2  os_dbg_r.o(.rodata.OSTaskMax)
    OSTaskNameEn                             0x08009198   Data           2  os_dbg_r.o(.rodata.OSTaskNameEn)
    OSTaskProfileEn                          0x0800919a   Data           2  os_dbg_r.o(.rodata.OSTaskProfileEn)
    OSTaskStatEn                             0x0800919c   Data           2  os_dbg_r.o(.rodata.OSTaskStatEn)
    OSTaskStatStkChkEn                       0x0800919e   Data           2  os_dbg_r.o(.rodata.OSTaskStatStkChkEn)
    OSTaskStatStkSize                        0x080091a0   Data           2  os_dbg_r.o(.rodata.OSTaskStatStkSize)
    OSTaskSwHookEn                           0x080091a2   Data           2  os_dbg_r.o(.rodata.OSTaskSwHookEn)
    OSTicksPerSec                            0x080091a4   Data           2  os_dbg_r.o(.rodata.OSTicksPerSec)
    OSTimeTickHookEn                         0x080091a6   Data           2  os_dbg_r.o(.rodata.OSTimeTickHookEn)
    OSUnMapTbl                               0x080091a8   Data         256  ucos_ii.o(.rodata.OSUnMapTbl)
    OSVersionNbr                             0x080092a8   Data           2  os_dbg_r.o(.rodata.OSVersionNbr)
    Region$$Table$$Base                      0x0800930c   Number         0  anon$$obj.o(Region$$Table)
    Region$$Table$$Limit                     0x0800932c   Number         0  anon$$obj.o(Region$$Table)
    __ctype                                  0x08009355   Data           0  lc_ctype_c.o(locale$$data)
    PPM_Values                               0x20000000   Data          16  main_1.o(.data.PPM_Values)
    SystemCoreClock                          0x20000010   Data           4  system_stm32f4xx.o(.data.SystemCoreClock)
    uwTickFreq                               0x20000014   Data           1  stm32f4xx_hal.o(.data.uwTickFreq)
    uwTickPrio                               0x20000018   Data           4  stm32f4xx_hal.o(.data.uwTickPrio)
    __libspace_start                         0x20000020   Data          96  libspace.o(.bss)
    Accel_X_RAW                              0x20000080   Data           2  main_1.o(.bss.Accel_X_RAW)
    __temporary_stack_top$libspace           0x20000080   Data           0  libspace.o(.bss)
    Accel_Y_RAW                              0x20000082   Data           2  main_1.o(.bss.Accel_Y_RAW)
    Accel_Z_RAW                              0x20000084   Data           2  main_1.o(.bss.Accel_Z_RAW)
    C                                        0x20000086   Data          14  main_1.o(.bss.C)
    D1_Pressure_RAW                          0x20000094   Data           4  main_1.o(.bss.D1_Pressure_RAW)
    D2_Temperature_RAW                       0x20000098   Data           4  main_1.o(.bss.D2_Temperature_RAW)
    Gyro_X_RAW                               0x2000009c   Data           2  main_1.o(.bss.Gyro_X_RAW)
    Gyro_Y_RAW                               0x2000009e   Data           2  main_1.o(.bss.Gyro_Y_RAW)
    Gyro_Z_RAW                               0x200000a0   Data           2  main_1.o(.bss.Gyro_Z_RAW)
    Mag_X_RAW                                0x200000a2   Data           2  main_1.o(.bss.Mag_X_RAW)
    Mag_Y_RAW                                0x200000a4   Data           2  main_1.o(.bss.Mag_Y_RAW)
    Mag_Z_RAW                                0x200000a6   Data           2  main_1.o(.bss.Mag_Z_RAW)
    OSCPUUsage                               0x200000a8   Data           1  ucos_ii.o(.bss.OSCPUUsage)
    OSCtxSwCtr                               0x200000ac   Data           4  ucos_ii.o(.bss.OSCtxSwCtr)
    OSEventFreeList                          0x200000b0   Data           4  ucos_ii.o(.bss.OSEventFreeList)
    OSEventTbl                               0x200000b4   Data         240  ucos_ii.o(.bss.OSEventTbl)
    OSFlagFreeList                           0x200001a4   Data           4  ucos_ii.o(.bss.OSFlagFreeList)
    OSFlagTbl                                0x200001a8   Data          80  ucos_ii.o(.bss.OSFlagTbl)
    OSIdleCtr                                0x200001f8   Data           4  ucos_ii.o(.bss.OSIdleCtr)
    OSIdleCtrMax                             0x200001fc   Data           4  ucos_ii.o(.bss.OSIdleCtrMax)
    OSIdleCtrRun                             0x20000200   Data           4  ucos_ii.o(.bss.OSIdleCtrRun)
    OSIntNesting                             0x20000204   Data           1  ucos_ii.o(.bss.OSIntNesting)
    OSLockNesting                            0x20000205   Data           1  ucos_ii.o(.bss.OSLockNesting)
    OSMemFreeList                            0x20000208   Data           4  ucos_ii.o(.bss.OSMemFreeList)
    OSMemTbl                                 0x2000020c   Data         120  ucos_ii.o(.bss.OSMemTbl)
    OSPrioCur                                0x20000284   Data           1  ucos_ii.o(.bss.OSPrioCur)
    OSPrioHighRdy                            0x20000285   Data           1  ucos_ii.o(.bss.OSPrioHighRdy)
    OSQFreeList                              0x20000288   Data           4  ucos_ii.o(.bss.OSQFreeList)
    OSQTbl                                   0x2000028c   Data          96  ucos_ii.o(.bss.OSQTbl)
    OSRdyGrp                                 0x200002ec   Data           1  ucos_ii.o(.bss.OSRdyGrp)
    OSRdyTbl                                 0x200002ed   Data           8  ucos_ii.o(.bss.OSRdyTbl)
    OSRunning                                0x200002f5   Data           1  ucos_ii.o(.bss.OSRunning)
    OSStatRdy                                0x200002f6   Data           1  ucos_ii.o(.bss.OSStatRdy)
    OSTCBCur                                 0x200002f8   Data           4  ucos_ii.o(.bss.OSTCBCur)
    OSTCBFreeList                            0x200002fc   Data           4  ucos_ii.o(.bss.OSTCBFreeList)
    OSTCBHighRdy                             0x20000300   Data           4  ucos_ii.o(.bss.OSTCBHighRdy)
    OSTCBList                                0x20000304   Data           4  ucos_ii.o(.bss.OSTCBList)
    OSTCBPrioTbl                             0x20000308   Data         256  ucos_ii.o(.bss.OSTCBPrioTbl)
    OSTCBTbl                                 0x20000408   Data        2024  ucos_ii.o(.bss.OSTCBTbl)
    OSTaskCtr                                0x20000bf0   Data           1  ucos_ii.o(.bss.OSTaskCtr)
    OSTaskIdleStk                            0x20000bf4   Data         512  ucos_ii.o(.bss.OSTaskIdleStk)
    OSTaskRegNextAvailID                     0x20000df4   Data           1  ucos_ii.o(.bss.OSTaskRegNextAvailID)
    OSTaskStatStk                            0x20000df8   Data         512  ucos_ii.o(.bss.OSTaskStatStk)
    OSTime                                   0x20000ff8   Data           4  ucos_ii.o(.bss.OSTime)
    OS_CPU_ExceptStk                         0x20000ffc   Data        1024  os_cpu_c.o(.bss.OS_CPU_ExceptStk)
    OS_CPU_ExceptStkBase                     0x200013fc   Data           4  os_cpu_c.o(.bss.OS_CPU_ExceptStkBase)
    OS_KA_BASEPRI_Boundary                   0x20001400   Data           4  os_cpu_c.o(.bss.OS_KA_BASEPRI_Boundary)
    PPM_Index                                0x20001404   Data           1  main_1.o(.bss.PPM_Index)
    Task1Stk                                 0x20001408   Data         512  main_1.o(.bss.Task1Stk)
    hi2c1                                    0x20001608   Data          84  i2c.o(.bss.hi2c1)
    htim2                                    0x2000165c   Data          72  tim.o(.bss.htim2)
    htim3                                    0x200016a4   Data          72  tim.o(.bss.htim3)
    huart1                                   0x200016ec   Data          72  usart.o(.bss.huart1)
    last_capture                             0x20001734   Data           4  main_1.o(.bss.last_capture)
    uwTick                                   0x20001738   Data           4  stm32f4xx_hal.o(.bss.uwTick)



==============================================================================

Memory Map of the image

  Image Entry point : 0x08000195

  Load Region LR_IROM1 (Base: 0x08000000, Size: 0x00009478, Max: 0x00080000, ABSOLUTE)

    Execution Region ER_IROM1 (Exec base: 0x08000000, Load base: 0x08000000, Size: 0x00009458, Max: 0x00080000, ABSOLUTE)

    Exec Addr    Load Addr    Size         Type   Attr      Idx    E Section Name        Object

    0x08000000   0x08000000   0x00000194   Data   RO            3    RESET               startup_stm32f401xe.o
    0x08000194   0x08000194   0x00000008   Code   RO         1656  * !!!main             c_w.l(__main.o)
    0x0800019c   0x0800019c   0x0000005c   Code   RO         2003    !!!scatter          c_w.l(__scatter.o)
    0x080001f8   0x080001f8   0x0000001a   Code   RO         2007    !!handler_copy      c_w.l(__scatter_copy.o)
    0x08000212   0x08000212   0x00000002   PAD
    0x08000214   0x08000214   0x00000002   Code   RO         2004    !!handler_null      c_w.l(__scatter.o)
    0x08000216   0x08000216   0x00000002   PAD
    0x08000218   0x08000218   0x0000001c   Code   RO         2009    !!handler_zi        c_w.l(__scatter_zi.o)
    0x08000234   0x08000234   0x00000000   Code   RO         1744    .ARM.Collect$$_printf_percent$$00000000  c_w.l(_printf_percent.o)
    0x08000234   0x08000234   0x00000006   Code   RO         1733    .ARM.Collect$$_printf_percent$$00000001  c_w.l(_printf_n.o)
    0x0800023a   0x0800023a   0x00000006   Code   RO         1735    .ARM.Collect$$_printf_percent$$00000002  c_w.l(_printf_p.o)
    0x08000240   0x08000240   0x00000006   Code   RO         1740    .ARM.Collect$$_printf_percent$$00000003  c_w.l(_printf_f.o)
    0x08000246   0x08000246   0x00000006   Code   RO         1741    .ARM.Collect$$_printf_percent$$00000004  c_w.l(_printf_e.o)
    0x0800024c   0x0800024c   0x00000006   Code   RO         1742    .ARM.Collect$$_printf_percent$$00000005  c_w.l(_printf_g.o)
    0x08000252   0x08000252   0x00000006   Code   RO         1743    .ARM.Collect$$_printf_percent$$00000006  c_w.l(_printf_a.o)
    0x08000258   0x08000258   0x0000000a   Code   RO         1748    .ARM.Collect$$_printf_percent$$00000007  c_w.l(_printf_ll.o)
    0x08000262   0x08000262   0x00000006   Code   RO         1737    .ARM.Collect$$_printf_percent$$00000008  c_w.l(_printf_i.o)
    0x08000268   0x08000268   0x00000006   Code   RO         1738    .ARM.Collect$$_printf_percent$$00000009  c_w.l(_printf_d.o)
    0x0800026e   0x0800026e   0x00000006   Code   RO         1739    .ARM.Collect$$_printf_percent$$0000000A  c_w.l(_printf_u.o)
    0x08000274   0x08000274   0x00000006   Code   RO         1736    .ARM.Collect$$_printf_percent$$0000000B  c_w.l(_printf_o.o)
    0x0800027a   0x0800027a   0x00000006   Code   RO         1734    .ARM.Collect$$_printf_percent$$0000000C  c_w.l(_printf_x.o)
    0x08000280   0x08000280   0x00000006   Code   RO         1745    .ARM.Collect$$_printf_percent$$0000000D  c_w.l(_printf_lli.o)
    0x08000286   0x08000286   0x00000006   Code   RO         1746    .ARM.Collect$$_printf_percent$$0000000E  c_w.l(_printf_lld.o)
    0x0800028c   0x0800028c   0x00000006   Code   RO         1747    .ARM.Collect$$_printf_percent$$0000000F  c_w.l(_printf_llu.o)
    0x08000292   0x08000292   0x00000006   Code   RO         1752    .ARM.Collect$$_printf_percent$$00000010  c_w.l(_printf_llo.o)
    0x08000298   0x08000298   0x00000006   Code   RO         1753    .ARM.Collect$$_printf_percent$$00000011  c_w.l(_printf_llx.o)
    0x0800029e   0x0800029e   0x0000000a   Code   RO         1749    .ARM.Collect$$_printf_percent$$00000012  c_w.l(_printf_l.o)
    0x080002a8   0x080002a8   0x00000006   Code   RO         1731    .ARM.Collect$$_printf_percent$$00000013  c_w.l(_printf_c.o)
    0x080002ae   0x080002ae   0x00000006   Code   RO         1732    .ARM.Collect$$_printf_percent$$00000014  c_w.l(_printf_s.o)
    0x080002b4   0x080002b4   0x00000006   Code   RO         1750    .ARM.Collect$$_printf_percent$$00000015  c_w.l(_printf_lc.o)
    0x080002ba   0x080002ba   0x00000006   Code   RO         1751    .ARM.Collect$$_printf_percent$$00000016  c_w.l(_printf_ls.o)
    0x080002c0   0x080002c0   0x00000004   Code   RO         1796    .ARM.Collect$$_printf_percent$$00000017  c_w.l(_printf_percent_end.o)
    0x080002c4   0x080002c4   0x00000002   Code   RO         1851    .ARM.Collect$$libinit$$00000000  c_w.l(libinit.o)
    0x080002c6   0x080002c6   0x00000004   Code   RO         1875    .ARM.Collect$$libinit$$00000001  c_w.l(libinit2.o)
    0x080002ca   0x080002ca   0x00000000   Code   RO         1878    .ARM.Collect$$libinit$$00000004  c_w.l(libinit2.o)
    0x080002ca   0x080002ca   0x00000000   Code   RO         1880    .ARM.Collect$$libinit$$00000006  c_w.l(libinit2.o)
    0x080002ca   0x080002ca   0x00000000   Code   RO         1883    .ARM.Collect$$libinit$$0000000C  c_w.l(libinit2.o)
    0x080002ca   0x080002ca   0x00000000   Code   RO         1885    .ARM.Collect$$libinit$$0000000E  c_w.l(libinit2.o)
    0x080002ca   0x080002ca   0x00000000   Code   RO         1887    .ARM.Collect$$libinit$$00000010  c_w.l(libinit2.o)
    0x080002ca   0x080002ca   0x00000006   Code   RO         1888    .ARM.Collect$$libinit$$00000011  c_w.l(libinit2.o)
    0x080002d0   0x080002d0   0x00000000   Code   RO         1890    .ARM.Collect$$libinit$$00000013  c_w.l(libinit2.o)
    0x080002d0   0x080002d0   0x0000000c   Code   RO         1891    .ARM.Collect$$libinit$$00000014  c_w.l(libinit2.o)
    0x080002dc   0x080002dc   0x00000000   Code   RO         1892    .ARM.Collect$$libinit$$00000015  c_w.l(libinit2.o)
    0x080002dc   0x080002dc   0x00000000   Code   RO         1894    .ARM.Collect$$libinit$$00000017  c_w.l(libinit2.o)
    0x080002dc   0x080002dc   0x0000000a   Code   RO         1895    .ARM.Collect$$libinit$$00000018  c_w.l(libinit2.o)
    0x080002e6   0x080002e6   0x00000000   Code   RO         1896    .ARM.Collect$$libinit$$00000019  c_w.l(libinit2.o)
    0x080002e6   0x080002e6   0x00000000   Code   RO         1898    .ARM.Collect$$libinit$$0000001B  c_w.l(libinit2.o)
    0x080002e6   0x080002e6   0x00000000   Code   RO         1900    .ARM.Collect$$libinit$$0000001D  c_w.l(libinit2.o)
    0x080002e6   0x080002e6   0x00000000   Code   RO         1902    .ARM.Collect$$libinit$$0000001F  c_w.l(libinit2.o)
    0x080002e6   0x080002e6   0x00000000   Code   RO         1904    .ARM.Collect$$libinit$$00000021  c_w.l(libinit2.o)
    0x080002e6   0x080002e6   0x00000000   Code   RO         1906    .ARM.Collect$$libinit$$00000023  c_w.l(libinit2.o)
    0x080002e6   0x080002e6   0x00000000   Code   RO         1908    .ARM.Collect$$libinit$$00000025  c_w.l(libinit2.o)
    0x080002e6   0x080002e6   0x00000000   Code   RO         1910    .ARM.Collect$$libinit$$00000027  c_w.l(libinit2.o)
    0x080002e6   0x080002e6   0x00000000   Code   RO         1914    .ARM.Collect$$libinit$$0000002E  c_w.l(libinit2.o)
    0x080002e6   0x080002e6   0x00000000   Code   RO         1916    .ARM.Collect$$libinit$$00000030  c_w.l(libinit2.o)
    0x080002e6   0x080002e6   0x00000000   Code   RO         1918    .ARM.Collect$$libinit$$00000032  c_w.l(libinit2.o)
    0x080002e6   0x080002e6   0x00000000   Code   RO         1920    .ARM.Collect$$libinit$$00000034  c_w.l(libinit2.o)
    0x080002e6   0x080002e6   0x00000002   Code   RO         1921    .ARM.Collect$$libinit$$00000035  c_w.l(libinit2.o)
    0x080002e8   0x080002e8   0x00000002   Code   RO         1958    .ARM.Collect$$libshutdown$$00000000  c_w.l(libshutdown.o)
    0x080002ea   0x080002ea   0x00000000   Code   RO         1986    .ARM.Collect$$libshutdown$$00000002  c_w.l(libshutdown2.o)
    0x080002ea   0x080002ea   0x00000000   Code   RO         1988    .ARM.Collect$$libshutdown$$00000004  c_w.l(libshutdown2.o)
    0x080002ea   0x080002ea   0x00000000   Code   RO         1991    .ARM.Collect$$libshutdown$$00000007  c_w.l(libshutdown2.o)
    0x080002ea   0x080002ea   0x00000000   Code   RO         1994    .ARM.Collect$$libshutdown$$0000000A  c_w.l(libshutdown2.o)
    0x080002ea   0x080002ea   0x00000000   Code   RO         1996    .ARM.Collect$$libshutdown$$0000000C  c_w.l(libshutdown2.o)
    0x080002ea   0x080002ea   0x00000000   Code   RO         1999    .ARM.Collect$$libshutdown$$0000000F  c_w.l(libshutdown2.o)
    0x080002ea   0x080002ea   0x00000002   Code   RO         2000    .ARM.Collect$$libshutdown$$00000010  c_w.l(libshutdown2.o)
    0x080002ec   0x080002ec   0x00000000   Code   RO         1658    .ARM.Collect$$rtentry$$00000000  c_w.l(__rtentry.o)
    0x080002ec   0x080002ec   0x00000000   Code   RO         1763    .ARM.Collect$$rtentry$$00000002  c_w.l(__rtentry2.o)
    0x080002ec   0x080002ec   0x00000006   Code   RO         1775    .ARM.Collect$$rtentry$$00000004  c_w.l(__rtentry4.o)
    0x080002f2   0x080002f2   0x00000000   Code   RO         1765    .ARM.Collect$$rtentry$$00000009  c_w.l(__rtentry2.o)
    0x080002f2   0x080002f2   0x00000004   Code   RO         1766    .ARM.Collect$$rtentry$$0000000A  c_w.l(__rtentry2.o)
    0x080002f6   0x080002f6   0x00000000   Code   RO         1768    .ARM.Collect$$rtentry$$0000000C  c_w.l(__rtentry2.o)
    0x080002f6   0x080002f6   0x00000008   Code   RO         1769    .ARM.Collect$$rtentry$$0000000D  c_w.l(__rtentry2.o)
    0x080002fe   0x080002fe   0x00000002   Code   RO         1860    .ARM.Collect$$rtexit$$00000000  c_w.l(rtexit.o)
    0x08000300   0x08000300   0x00000000   Code   RO         1927    .ARM.Collect$$rtexit$$00000002  c_w.l(rtexit2.o)
    0x08000300   0x08000300   0x00000004   Code   RO         1928    .ARM.Collect$$rtexit$$00000003  c_w.l(rtexit2.o)
    0x08000304   0x08000304   0x00000006   Code   RO         1929    .ARM.Collect$$rtexit$$00000004  c_w.l(rtexit2.o)
    0x0800030a   0x0800030a   0x00000002   PAD
    0x0800030c   0x0800030c   0x00000040   Code   RO            4    .text               startup_stm32f401xe.o
    0x0800034c   0x0800034c   0x00000134   Code   RO         1278    .text               os_cpu_a.o
    0x08000480   0x08000480   0x000000f0   Code   RO         1646    .text               c_w.l(lludivv7m.o)
    0x08000570   0x08000570   0x0000002c   Code   RO         1648    .text               c_w.l(sprintf.o)
    0x0800059c   0x0800059c   0x0000003e   Code   RO         1650    .text               c_w.l(strlen.o)
    0x080005da   0x080005da   0x0000004e   Code   RO         1652    .text               c_w.l(rt_memclr_w.o)
    0x08000628   0x08000628   0x00000006   Code   RO         1654    .text               c_w.l(heapauxi.o)
    0x0800062e   0x0800062e   0x0000004e   Code   RO         1665    .text               c_w.l(_printf_pad.o)
    0x0800067c   0x0800067c   0x00000024   Code   RO         1667    .text               c_w.l(_printf_truncate.o)
    0x080006a0   0x080006a0   0x00000052   Code   RO         1669    .text               c_w.l(_printf_str.o)
    0x080006f2   0x080006f2   0x00000002   PAD
    0x080006f4   0x080006f4   0x00000078   Code   RO         1671    .text               c_w.l(_printf_dec.o)
    0x0800076c   0x0800076c   0x00000028   Code   RO         1673    .text               c_w.l(_printf_charcount.o)
    0x08000794   0x08000794   0x00000030   Code   RO         1675    .text               c_w.l(_printf_char_common.o)
    0x080007c4   0x080007c4   0x0000000a   Code   RO         1677    .text               c_w.l(_sputc.o)
    0x080007ce   0x080007ce   0x00000002   PAD
    0x080007d0   0x080007d0   0x000000bc   Code   RO         1679    .text               c_w.l(_printf_wctomb.o)
    0x0800088c   0x0800088c   0x0000007c   Code   RO         1682    .text               c_w.l(_printf_longlong_dec.o)
    0x08000908   0x08000908   0x00000070   Code   RO         1688    .text               c_w.l(_printf_oct_int_ll.o)
    0x08000978   0x08000978   0x00000094   Code   RO         1708    .text               c_w.l(_printf_hex_int_ll_ptr.o)
    0x08000a0c   0x08000a0c   0x00000188   Code   RO         1728    .text               c_w.l(__printf_flags_ss_wp.o)
    0x08000b94   0x08000b94   0x0000008a   Code   RO         1779    .text               c_w.l(lludiv10.o)
    0x08000c1e   0x08000c1e   0x000000b2   Code   RO         1781    .text               c_w.l(_printf_intcommon.o)
    0x08000cd0   0x08000cd0   0x0000041c   Code   RO         1783    .text               c_w.l(_printf_fp_dec.o)
    0x080010ec   0x080010ec   0x000002fc   Code   RO         1787    .text               c_w.l(_printf_fp_hex.o)
    0x080013e8   0x080013e8   0x0000002c   Code   RO         1792    .text               c_w.l(_printf_char.o)
    0x08001414   0x08001414   0x0000002c   Code   RO         1794    .text               c_w.l(_printf_wchar.o)
    0x08001440   0x08001440   0x00000048   Code   RO         1797    .text               c_w.l(_c16rtomb.o)
    0x08001488   0x08001488   0x0000004a   Code   RO         1799    .text               c_w.l(sys_stackheap_outer.o)
    0x080014d2   0x080014d2   0x00000002   PAD
    0x080014d4   0x080014d4   0x00000010   Code   RO         1801    .text               c_w.l(rt_ctype_table.o)
    0x080014e4   0x080014e4   0x00000008   Code   RO         1806    .text               c_w.l(rt_locale_intlibspace.o)
    0x080014ec   0x080014ec   0x00000080   Code   RO         1808    .text               c_w.l(_printf_fp_infnan.o)
    0x0800156c   0x0800156c   0x000000e4   Code   RO         1810    .text               c_w.l(bigflt0.o)
    0x08001650   0x08001650   0x00000012   Code   RO         1840    .text               c_w.l(exit.o)
    0x08001662   0x08001662   0x00000002   PAD
    0x08001664   0x08001664   0x00000008   Code   RO         1857    .text               c_w.l(libspace.o)
    0x0800166c   0x0800166c   0x00000004   PAD
    0x08001670   0x08001670   0x0000007c   Code   RO         1873    .text               c_w.l(strcmpv7em.o)
    0x080016ec   0x080016ec   0x0000000c   Code   RO         1922    .text               c_w.l(sys_exit.o)
    0x080016f8   0x080016f8   0x00000002   Code   RO         1947    .text               c_w.l(use_no_semi.o)
    0x080016fa   0x080016fa   0x00000000   Code   RO         1949    .text               c_w.l(indicate_semi.o)
    0x080016fa   0x080016fa   0x00000002   PAD
    0x080016fc   0x080016fc   0x00000010   Code   RO           23    .text.All_Sensors_Init  main_1.o
    0x0800170c   0x0800170c   0x00000004   Code   RO          127    .text.BusFault_Handler  stm32f4xx_it.o
    0x08001710   0x08001710   0x00000002   Code   RO          133    .text.DebugMon_Handler  stm32f4xx_it.o
    0x08001712   0x08001712   0x00000002   PAD
    0x08001714   0x08001714   0x00000006   Code   RO           25    .text.Error_Handler  main_1.o
    0x0800171a   0x0800171a   0x00000002   PAD
    0x0800171c   0x0800171c   0x000000ec   Code   RO          540    .text.HAL_DMA_Abort  stm32f4xx_hal_dma.o
    0x08001808   0x08001808   0x00000044   Code   RO          542    .text.HAL_DMA_Abort_IT  stm32f4xx_hal_dma.o
    0x0800184c   0x0800184c   0x00000042   Code   RO          729    .text.HAL_Delay     stm32f4xx_hal.o
    0x0800188e   0x0800188e   0x00000002   PAD
    0x08001890   0x08001890   0x00000362   Code   RO          488    .text.HAL_GPIO_Init  stm32f4xx_hal_gpio.o
    0x08001bf2   0x08001bf2   0x00000002   PAD
    0x08001bf4   0x08001bf4   0x0000002e   Code   RO          494    .text.HAL_GPIO_WritePin  stm32f4xx_hal_gpio.o
    0x08001c22   0x08001c22   0x00000002   PAD
    0x08001c24   0x08001c24   0x0000000c   Code   RO          721    .text.HAL_GetTick   stm32f4xx_hal.o
    0x08001c30   0x08001c30   0x000002a4   Code   RO          158    .text.HAL_I2C_Init  stm32f4xx_hal_i2c.o
    0x08001ed4   0x08001ed4   0x00000432   Code   RO          176    .text.HAL_I2C_Master_Receive  stm32f4xx_hal_i2c.o
    0x08002306   0x08002306   0x00000002   PAD
    0x08002308   0x08002308   0x0000020c   Code   RO          166    .text.HAL_I2C_Master_Transmit  stm32f4xx_hal_i2c.o
    0x08002514   0x08002514   0x00000448   Code   RO          212    .text.HAL_I2C_Mem_Read  stm32f4xx_hal_i2c.o
    0x0800295c   0x0800295c   0x00000214   Code   RO          208    .text.HAL_I2C_Mem_Write  stm32f4xx_hal_i2c.o
    0x08002b70   0x08002b70   0x00000090   Code   RO           72    .text.HAL_I2C_MspInit  i2c.o
    0x08002c00   0x08002c00   0x0000001a   Code   RO          719    .text.HAL_IncTick   stm32f4xx_hal.o
    0x08002c1a   0x08002c1a   0x00000002   PAD
    0x08002c1c   0x08002c1c   0x00000036   Code   RO          709    .text.HAL_Init      stm32f4xx_hal.o
    0x08002c52   0x08002c52   0x00000002   PAD
    0x08002c54   0x08002c54   0x00000070   Code   RO          711    .text.HAL_InitTick  stm32f4xx_hal.o
    0x08002cc4   0x08002cc4   0x0000004a   Code   RO          150    .text.HAL_MspInit   stm32f4xx_hal_msp.o
    0x08002d0e   0x08002d0e   0x00000002   PAD
    0x08002d10   0x08002d10   0x00000014   Code   RO          644    .text.HAL_NVIC_EnableIRQ  stm32f4xx_hal_cortex.o
    0x08002d24   0x08002d24   0x00000032   Code   RO          636    .text.HAL_NVIC_SetPriority  stm32f4xx_hal_cortex.o
    0x08002d56   0x08002d56   0x00000002   PAD
    0x08002d58   0x08002d58   0x00000010   Code   RO          632    .text.HAL_NVIC_SetPriorityGrouping  stm32f4xx_hal_cortex.o
    0x08002d68   0x08002d68   0x00000262   Code   RO          344    .text.HAL_RCC_ClockConfig  stm32f4xx_hal_rcc.o
    0x08002fca   0x08002fca   0x00000002   PAD
    0x08002fcc   0x08002fcc   0x0000000c   Code   RO          354    .text.HAL_RCC_GetHCLKFreq  stm32f4xx_hal_rcc.o
    0x08002fd8   0x08002fd8   0x00000022   Code   RO          356    .text.HAL_RCC_GetPCLK1Freq  stm32f4xx_hal_rcc.o
    0x08002ffa   0x08002ffa   0x00000002   PAD
    0x08002ffc   0x08002ffc   0x00000022   Code   RO          358    .text.HAL_RCC_GetPCLK2Freq  stm32f4xx_hal_rcc.o
    0x0800301e   0x0800301e   0x00000002   PAD
    0x08003020   0x08003020   0x000000e6   Code   RO          346    .text.HAL_RCC_GetSysClockFreq  stm32f4xx_hal_rcc.o
    0x08003106   0x08003106   0x00000002   PAD
    0x08003108   0x08003108   0x000006be   Code   RO          342    .text.HAL_RCC_OscConfig  stm32f4xx_hal_rcc.o
    0x080037c6   0x080037c6   0x00000002   PAD
    0x080037c8   0x080037c8   0x00000010   Code   RO          656    .text.HAL_SYSTICK_Config  stm32f4xx_hal_cortex.o
    0x080037d8   0x080037d8   0x00000008   Code   RO         1121    .text.HAL_TIMEx_BreakCallback  stm32f4xx_hal_tim_ex.o
    0x080037e0   0x080037e0   0x00000008   Code   RO         1117    .text.HAL_TIMEx_CommutCallback  stm32f4xx_hal_tim_ex.o
    0x080037e8   0x080037e8   0x000000fe   Code   RO         1111    .text.HAL_TIMEx_MasterConfigSynchronization  stm32f4xx_hal_tim_ex.o
    0x080038e6   0x080038e6   0x00000002   PAD
    0x080038e8   0x080038e8   0x000000c8   Code   RO           35    .text.HAL_TIM_IC_CaptureCallback  main_1.o
    0x080039b0   0x080039b0   0x00000130   Code   RO          954    .text.HAL_TIM_IC_ConfigChannel  stm32f4xx_hal_tim.o
    0x08003ae0   0x08003ae0   0x0000009c   Code   RO          872    .text.HAL_TIM_IC_Init  stm32f4xx_hal_tim.o
    0x08003b7c   0x08003b7c   0x00000098   Code   RO           90    .text.HAL_TIM_IC_MspInit  tim.o
    0x08003c14   0x08003c14   0x00000282   Code   RO          884    .text.HAL_TIM_IC_Start_IT  stm32f4xx_hal_tim.o
    0x08003e96   0x08003e96   0x00000002   PAD
    0x08003e98   0x08003e98   0x0000021a   Code   RO          932    .text.HAL_TIM_IRQHandler  stm32f4xx_hal_tim.o
    0x080040b2   0x080040b2   0x00000002   PAD
    0x080040b4   0x080040b4   0x000000ae   Code   RO           88    .text.HAL_TIM_MspPostInit  tim.o
    0x08004162   0x08004162   0x00000002   PAD
    0x08004164   0x08004164   0x00000008   Code   RO          936    .text.HAL_TIM_OC_DelayElapsedCallback  stm32f4xx_hal_tim.o
    0x0800416c   0x0800416c   0x00000142   Code   RO          964    .text.HAL_TIM_PWM_ConfigChannel  stm32f4xx_hal_tim.o
    0x080042ae   0x080042ae   0x00000002   PAD
    0x080042b0   0x080042b0   0x0000009c   Code   RO          852    .text.HAL_TIM_PWM_Init  stm32f4xx_hal_tim.o
    0x0800434c   0x0800434c   0x0000003e   Code   RO           92    .text.HAL_TIM_PWM_MspInit  tim.o
    0x0800438a   0x0800438a   0x00000002   PAD
    0x0800438c   0x0800438c   0x00000008   Code   RO          938    .text.HAL_TIM_PWM_PulseFinishedCallback  stm32f4xx_hal_tim.o
    0x08004394   0x08004394   0x00000180   Code   RO          860    .text.HAL_TIM_PWM_Start  stm32f4xx_hal_tim.o
    0x08004514   0x08004514   0x00000008   Code   RO          940    .text.HAL_TIM_PeriodElapsedCallback  stm32f4xx_hal_tim.o
    0x0800451c   0x0800451c   0x00000056   Code   RO         1006    .text.HAL_TIM_ReadCapturedValue  stm32f4xx_hal_tim.o
    0x08004572   0x08004572   0x00000002   PAD
    0x08004574   0x08004574   0x00000008   Code   RO          942    .text.HAL_TIM_TriggerCallback  stm32f4xx_hal_tim.o
    0x0800457c   0x0800457c   0x0000000c   Code   RO         1226    .text.HAL_UARTEx_RxEventCallback  stm32f4xx_hal_uart.o
    0x08004588   0x08004588   0x00000008   Code   RO         1224    .text.HAL_UART_ErrorCallback  stm32f4xx_hal_uart.o
    0x08004590   0x08004590   0x0000045c   Code   RO         1218    .text.HAL_UART_IRQHandler  stm32f4xx_hal_uart.o
    0x080049ec   0x080049ec   0x0000009e   Code   RO         1134    .text.HAL_UART_Init  stm32f4xx_hal_uart.o
    0x08004a8a   0x08004a8a   0x00000002   PAD
    0x08004a8c   0x08004a8c   0x000000a4   Code   RO          109    .text.HAL_UART_MspInit  usart.o
    0x08004b30   0x08004b30   0x00000008   Code   RO         1236    .text.HAL_UART_RxCpltCallback  stm32f4xx_hal_uart.o
    0x08004b38   0x08004b38   0x00000130   Code   RO         1150    .text.HAL_UART_Transmit  stm32f4xx_hal_uart.o
    0x08004c68   0x08004c68   0x00000008   Code   RO         1232    .text.HAL_UART_TxCpltCallback  stm32f4xx_hal_uart.o
    0x08004c70   0x08004c70   0x00000062   Code   RO           31    .text.HMC5883L_Init  main_1.o
    0x08004cd2   0x08004cd2   0x00000002   PAD
    0x08004cd4   0x08004cd4   0x00000072   Code   RO           15    .text.HMC5883L_Read_Raw  main_1.o
    0x08004d46   0x08004d46   0x00000002   PAD
    0x08004d48   0x08004d48   0x00000004   Code   RO          123    .text.HardFault_Handler  stm32f4xx_it.o
    0x08004d4c   0x08004d4c   0x00000064   Code   RO          320    .text.I2C_IsAcknowledgeFailed  stm32f4xx_hal_i2c.o
    0x08004db0   0x08004db0   0x000001aa   Code   RO          178    .text.I2C_MasterRequestRead  stm32f4xx_hal_i2c.o
    0x08004f5a   0x08004f5a   0x00000002   PAD
    0x08004f5c   0x08004f5c   0x00000112   Code   RO          170    .text.I2C_MasterRequestWrite  stm32f4xx_hal_i2c.o
    0x0800506e   0x0800506e   0x00000002   PAD
    0x08005070   0x08005070   0x000001e2   Code   RO          214    .text.I2C_RequestMemoryRead  stm32f4xx_hal_i2c.o
    0x08005252   0x08005252   0x00000002   PAD
    0x08005254   0x08005254   0x0000013a   Code   RO          210    .text.I2C_RequestMemoryWrite  stm32f4xx_hal_i2c.o
    0x0800538e   0x0800538e   0x00000002   PAD
    0x08005390   0x08005390   0x000000ac   Code   RO          174    .text.I2C_WaitOnBTFFlagUntilTimeout  stm32f4xx_hal_i2c.o
    0x0800543c   0x0800543c   0x00000108   Code   RO          168    .text.I2C_WaitOnFlagUntilTimeout  stm32f4xx_hal_i2c.o
    0x08005544   0x08005544   0x00000154   Code   RO          318    .text.I2C_WaitOnMasterAddressFlagUntilTimeout  stm32f4xx_hal_i2c.o
    0x08005698   0x08005698   0x000000dc   Code   RO          180    .text.I2C_WaitOnRXNEFlagUntilTimeout  stm32f4xx_hal_i2c.o
    0x08005774   0x08005774   0x000000a8   Code   RO          172    .text.I2C_WaitOnTXEFlagUntilTimeout  stm32f4xx_hal_i2c.o
    0x0800581c   0x0800581c   0x00000098   Code   RO           29    .text.MPU6050_Init  main_1.o
    0x080058b4   0x080058b4   0x000000b6   Code   RO           13    .text.MPU6050_Read_Raw  main_1.o
    0x0800596a   0x0800596a   0x00000002   PAD
    0x0800596c   0x0800596c   0x000000b4   Code   RO           33    .text.MS5611_PROM_Read  main_1.o
    0x08005a20   0x08005a20   0x0000011a   Code   RO           17    .text.MS5611_Read_Raw  main_1.o
    0x08005b3a   0x08005b3a   0x00000002   PAD
    0x08005b3c   0x08005b3c   0x000000a4   Code   RO           62    .text.MX_GPIO_Init  gpio.o
    0x08005be0   0x08005be0   0x00000048   Code   RO           70    .text.MX_I2C1_Init  i2c.o
    0x08005c28   0x08005c28   0x00000086   Code   RO           84    .text.MX_TIM2_Init  tim.o
    0x08005cae   0x08005cae   0x00000002   PAD
    0x08005cb0   0x08005cb0   0x000000ea   Code   RO           86    .text.MX_TIM3_Init  tim.o
    0x08005d9a   0x08005d9a   0x00000002   PAD
    0x08005d9c   0x08005d9c   0x00000040   Code   RO          107    .text.MX_USART1_UART_Init  usart.o
    0x08005ddc   0x08005ddc   0x00000004   Code   RO          125    .text.MemManage_Handler  stm32f4xx_it.o
    0x08005de0   0x08005de0   0x00000004   Code   RO          121    .text.NMI_Handler   stm32f4xx_it.o
    0x08005de4   0x08005de4   0x0000006c   Code   RO          642    .text.NVIC_EncodePriority  stm32f4xx_hal_cortex.o
    0x08005e50   0x08005e50   0x000001d2   Code   RO         1320    .text.OSDebugInit   os_dbg_r.o
    0x08006022   0x08006022   0x00000002   PAD
    0x08006024   0x08006024   0x00000034   Code   RO         1399    .text.OSInit        ucos_ii.o
    0x08006058   0x08006058   0x00000078   Code   RO         1282    .text.OSInitHookBegin  os_cpu_c.o
    0x080060d0   0x080060d0   0x00000002   Code   RO         1284    .text.OSInitHookEnd  os_cpu_c.o
    0x080060d2   0x080060d2   0x00000002   PAD
    0x080060d4   0x080060d4   0x00000054   Code   RO         1429    .text.OSStart       ucos_ii.o
    0x08006128   0x08006128   0x00000008   Code   RO         1300    .text.OSTCBInitHook  os_cpu_c.o
    0x08006130   0x08006130   0x0000011a   Code   RO         1569    .text.OSTaskCreate  ucos_ii.o
    0x0800624a   0x0800624a   0x00000002   PAD
    0x0800624c   0x0800624c   0x00000152   Code   RO         1571    .text.OSTaskCreateExt  ucos_ii.o
    0x0800639e   0x0800639e   0x00000002   PAD
    0x080063a0   0x080063a0   0x00000008   Code   RO         1286    .text.OSTaskCreateHook  os_cpu_c.o
    0x080063a8   0x080063a8   0x00000242   Code   RO         1575    .text.OSTaskDel     ucos_ii.o
    0x080065ea   0x080065ea   0x00000002   PAD
    0x080065ec   0x080065ec   0x00000008   Code   RO         1288    .text.OSTaskDelHook  os_cpu_c.o
    0x080065f4   0x080065f4   0x00000002   Code   RO         1290    .text.OSTaskIdleHook  os_cpu_c.o
    0x080065f6   0x080065f6   0x00000002   PAD
    0x080065f8   0x080065f8   0x000000dc   Code   RO         1581    .text.OSTaskNameSet  ucos_ii.o
    0x080066d4   0x080066d4   0x00000008   Code   RO         1292    .text.OSTaskReturnHook  os_cpu_c.o
    0x080066dc   0x080066dc   0x00000002   Code   RO         1294    .text.OSTaskStatHook  os_cpu_c.o
    0x080066de   0x080066de   0x00000002   PAD
    0x080066e0   0x080066e0   0x0000011e   Code   RO         1461    .text.OSTaskStkChk  ucos_ii.o
    0x080067fe   0x080067fe   0x00000002   PAD
    0x08006800   0x08006800   0x00000314   Code   RO         1296    .text.OSTaskStkInit  os_cpu_c.o
    0x08006b14   0x08006b14   0x00000154   Code   RO         1457    .text.OSTaskSuspend  ucos_ii.o
    0x08006c68   0x08006c68   0x00000024   Code   RO         1298    .text.OSTaskSwHook  os_cpu_c.o
    0x08006c8c   0x08006c8c   0x000000b2   Code   RO         1433    .text.OSTimeDly     ucos_ii.o
    0x08006d3e   0x08006d3e   0x00000002   PAD
    0x08006d40   0x08006d40   0x00000002   Code   RO         1439    .text.OS_Dummy      ucos_ii.o
    0x08006d42   0x08006d42   0x00000002   PAD
    0x08006d44   0x08006d44   0x0000004c   Code   RO         1443    .text.OS_EventTaskRemove  ucos_ii.o
    0x08006d90   0x08006d90   0x00000076   Code   RO         1397    .text.OS_EventTaskRemoveMulti  ucos_ii.o
    0x08006e06   0x08006e06   0x00000002   PAD
    0x08006e08   0x08006e08   0x000000a6   Code   RO         1409    .text.OS_FlagInit   ucos_ii.o
    0x08006eae   0x08006eae   0x00000002   PAD
    0x08006eb0   0x08006eb0   0x00000058   Code   RO         1481    .text.OS_FlagUnlink  ucos_ii.o
    0x08006f08   0x08006f08   0x000000b2   Code   RO         1407    .text.OS_InitEventList  ucos_ii.o
    0x08006fba   0x08006fba   0x00000002   PAD
    0x08006fbc   0x08006fbc   0x00000072   Code   RO         1401    .text.OS_InitMisc   ucos_ii.o
    0x0800702e   0x0800702e   0x00000002   PAD
    0x08007030   0x08007030   0x0000006a   Code   RO         1403    .text.OS_InitRdyList  ucos_ii.o
    0x0800709a   0x0800709a   0x00000002   PAD
    0x0800709c   0x0800709c   0x000000bc   Code   RO         1405    .text.OS_InitTCBList  ucos_ii.o
    0x08007158   0x08007158   0x0000004c   Code   RO         1415    .text.OS_InitTaskIdle  ucos_ii.o
    0x080071a4   0x080071a4   0x0000004c   Code   RO         1417    .text.OS_InitTaskStat  ucos_ii.o
    0x080071f0   0x080071f0   0x0000002c   Code   RO         1449    .text.OS_MemClr     ucos_ii.o
    0x0800721c   0x0800721c   0x0000009c   Code   RO         1411    .text.OS_MemInit    ucos_ii.o
    0x080072b8   0x080072b8   0x00000090   Code   RO         1413    .text.OS_QInit      ucos_ii.o
    0x08007348   0x08007348   0x0000009c   Code   RO         1395    .text.OS_Sched      ucos_ii.o
    0x080073e4   0x080073e4   0x0000003c   Code   RO         1423    .text.OS_SchedNew   ucos_ii.o
    0x08007420   0x08007420   0x0000021a   Code   RO         1463    .text.OS_TCBInit    ucos_ii.o
    0x0800763a   0x0800763a   0x00000002   PAD
    0x0800763c   0x0800763c   0x00000036   Code   RO         1453    .text.OS_TaskIdle   ucos_ii.o
    0x08007672   0x08007672   0x00000002   PAD
    0x08007674   0x08007674   0x00000018   Code   RO         1593    .text.OS_TaskReturn  ucos_ii.o
    0x0800768c   0x0800768c   0x00000152   Code   RO         1455    .text.OS_TaskStat   ucos_ii.o
    0x080077de   0x080077de   0x00000002   PAD
    0x080077e0   0x080077e0   0x00000076   Code   RO         1459    .text.OS_TaskStatStkChk  ucos_ii.o
    0x08007856   0x08007856   0x00000002   PAD
    0x08007858   0x08007858   0x00000042   Code   RO         1573    .text.OS_TaskStkClr  ucos_ii.o
    0x0800789a   0x0800789a   0x00000002   PAD
    0x0800789c   0x0800789c   0x00000002   Code   RO          135    .text.PendSV_Handler  stm32f4xx_it.o
    0x0800789e   0x0800789e   0x00000002   PAD
    0x080078a0   0x080078a0   0x00000002   Code   RO          131    .text.SVC_Handler   stm32f4xx_it.o
    0x080078a2   0x080078a2   0x00000002   PAD
    0x080078a4   0x080078a4   0x00000052   Code   RO          658    .text.SysTick_Config  stm32f4xx_hal_cortex.o
    0x080078f6   0x080078f6   0x00000002   PAD
    0x080078f8   0x080078f8   0x00000008   Code   RO          137    .text.SysTick_Handler  stm32f4xx_it.o
    0x08007900   0x08007900   0x000000ba   Code   RO           21    .text.SystemClock_Config  main_1.o
    0x080079ba   0x080079ba   0x00000002   PAD
    0x080079bc   0x080079bc   0x00000012   Code   RO         1265    .text.SystemInit    system_stm32f4xx.o
    0x080079ce   0x080079ce   0x00000002   PAD
    0x080079d0   0x080079d0   0x00000010   Code   RO          139    .text.TIM2_IRQHandler  stm32f4xx_it.o
    0x080079e0   0x080079e0   0x00000144   Code   RO          802    .text.TIM_Base_SetConfig  stm32f4xx_hal_tim.o
    0x08007b24   0x08007b24   0x00000036   Code   RO          836    .text.TIM_CCxChannelCmd  stm32f4xx_hal_tim.o
    0x08007b5a   0x08007b5a   0x00000002   PAD
    0x08007b5c   0x08007b5c   0x000000ca   Code   RO          946    .text.TIM_OC1_SetConfig  stm32f4xx_hal_tim.o
    0x08007c26   0x08007c26   0x00000002   PAD
    0x08007c28   0x08007c28   0x000000d4   Code   RO          948    .text.TIM_OC2_SetConfig  stm32f4xx_hal_tim.o
    0x08007cfc   0x08007cfc   0x000000d2   Code   RO          950    .text.TIM_OC3_SetConfig  stm32f4xx_hal_tim.o
    0x08007dce   0x08007dce   0x00000002   PAD
    0x08007dd0   0x08007dd0   0x00000094   Code   RO          952    .text.TIM_OC4_SetConfig  stm32f4xx_hal_tim.o
    0x08007e64   0x08007e64   0x000000ee   Code   RO          956    .text.TIM_TI1_SetConfig  stm32f4xx_hal_tim.o
    0x08007f52   0x08007f52   0x00000002   PAD
    0x08007f54   0x08007f54   0x0000006c   Code   RO          958    .text.TIM_TI2_SetConfig  stm32f4xx_hal_tim.o
    0x08007fc0   0x08007fc0   0x0000006a   Code   RO          960    .text.TIM_TI3_SetConfig  stm32f4xx_hal_tim.o
    0x0800802a   0x0800802a   0x00000002   PAD
    0x0800802c   0x0800802c   0x0000006c   Code   RO          962    .text.TIM_TI4_SetConfig  stm32f4xx_hal_tim.o
    0x08008098   0x08008098   0x00000122   Code   RO           11    .text.Task1         main_1.o
    0x080081ba   0x080081ba   0x00000002   PAD
    0x080081bc   0x080081bc   0x0000001c   Code   RO         1222    .text.UART_DMAAbortOnError  stm32f4xx_hal_uart.o
    0x080081d8   0x080081d8   0x00000094   Code   RO         1182    .text.UART_EndRxTransfer  stm32f4xx_hal_uart.o
    0x0800826c   0x0800826c   0x00000026   Code   RO         1230    .text.UART_EndTransmit_IT  stm32f4xx_hal_uart.o
    0x08008292   0x08008292   0x00000002   PAD
    0x08008294   0x08008294   0x00000168   Code   RO         1220    .text.UART_Receive_IT  stm32f4xx_hal_uart.o
    0x080083fc   0x080083fc   0x0000013a   Code   RO         1138    .text.UART_SetConfig  stm32f4xx_hal_uart.o
    0x08008536   0x08008536   0x00000002   PAD
    0x08008538   0x08008538   0x00000094   Code   RO         1228    .text.UART_Transmit_IT  stm32f4xx_hal_uart.o
    0x080085cc   0x080085cc   0x000000da   Code   RO         1152    .text.UART_WaitOnFlagUntilTimeout  stm32f4xx_hal_uart.o
    0x080086a6   0x080086a6   0x00000002   PAD
    0x080086a8   0x080086a8   0x00000010   Code   RO          141    .text.USART1_IRQHandler  stm32f4xx_it.o
    0x080086b8   0x080086b8   0x00000004   Code   RO          129    .text.UsageFault_Handler  stm32f4xx_it.o
    0x080086bc   0x080086bc   0x00000030   Code   RO          646    .text.__NVIC_EnableIRQ  stm32f4xx_hal_cortex.o
    0x080086ec   0x080086ec   0x00000010   Code   RO          638    .text.__NVIC_GetPriorityGrouping  stm32f4xx_hal_cortex.o
    0x080086fc   0x080086fc   0x00000042   Code   RO          640    .text.__NVIC_SetPriority  stm32f4xx_hal_cortex.o
    0x0800873e   0x0800873e   0x00000002   PAD
    0x08008740   0x08008740   0x0000003c   Code   RO          634    .text.__NVIC_SetPriorityGrouping  stm32f4xx_hal_cortex.o
    0x0800877c   0x0800877c   0x0000006e   Code   RO           19    .text.main          main_1.o
    0x080087ea   0x080087ea   0x0000003e   Code   RO         1813    CL$$btod_d2e        c_w.l(btod.o)
    0x08008828   0x08008828   0x00000046   Code   RO         1815    CL$$btod_d2e_denorm_low  c_w.l(btod.o)
    0x0800886e   0x0800886e   0x00000060   Code   RO         1814    CL$$btod_d2e_norm_op1  c_w.l(btod.o)
    0x080088ce   0x080088ce   0x00000002   PAD
    0x080088d0   0x080088d0   0x00000338   Code   RO         1823    CL$$btod_div_common  c_w.l(btod.o)
    0x08008c08   0x08008c08   0x000000dc   Code   RO         1820    CL$$btod_e2e        c_w.l(btod.o)
    0x08008ce4   0x08008ce4   0x0000002a   Code   RO         1817    CL$$btod_ediv       c_w.l(btod.o)
    0x08008d0e   0x08008d0e   0x0000002a   Code   RO         1816    CL$$btod_emul       c_w.l(btod.o)
    0x08008d38   0x08008d38   0x00000244   Code   RO         1822    CL$$btod_mult_common  c_w.l(btod.o)
    0x08008f7c   0x08008f7c   0x00000030   Code   RO         1855    i.__ARM_fpclassify  m_wm.l(fpclassify.o)
    0x08008fac   0x08008fac   0x0000000e   Code   RO         1721    i._is_digit         c_w.l(__printf_wp.o)
    0x08008fba   0x08008fba   0x00000002   PAD
    0x08008fbc   0x08008fbc   0x0000002c   Code   RO         1838    locale$$code        c_w.l(lc_numeric_c.o)
    0x08008fe8   0x08008fe8   0x0000002c   Code   RO         1867    locale$$code        c_w.l(lc_ctype_c.o)
    0x08009014   0x08009014   0x0000001a   Code   RO         1941    x$fpl$fpinit        fz_wm.l(fpinit.o)
    0x0800902e   0x0800902e   0x00000004   Code   RO         1754    x$fpl$printf1       fz_wm.l(printf1.o)
    0x08009032   0x08009032   0x00000004   Code   RO         1756    x$fpl$printf2       fz_wm.l(printf2.o)
    0x08009036   0x08009036   0x00000000   Code   RO         1854    x$fpl$usenofp       fz_wm.l(usenofp.o)
    0x08009036   0x08009036   0x00000002   PAD
    0x08009038   0x08009038   0x00000008   Data   RO         1680    .constdata          c_w.l(_printf_wctomb.o)
    0x08009040   0x08009040   0x00000028   Data   RO         1709    .constdata          c_w.l(_printf_hex_int_ll_ptr.o)
    0x08009068   0x08009068   0x00000011   Data   RO         1729    .constdata          c_w.l(__printf_flags_ss_wp.o)
    0x08009079   0x08009079   0x00000026   Data   RO         1788    .constdata          c_w.l(_printf_fp_hex.o)
    0x0800909f   0x0800909f   0x00000001   PAD
    0x080090a0   0x080090a0   0x00000094   Data   RO         1811    .constdata          c_w.l(bigflt0.o)
    0x08009134   0x08009134   0x00000010   Data   RO         1270    .rodata.AHBPrescTable  system_stm32f4xx.o
    0x08009144   0x08009144   0x00000008   Data   RO         1271    .rodata.APBPrescTable  system_stm32f4xx.o
    0x0800914c   0x0800914c   0x00000002   Data   RO         1378    .rodata.OSDataSize  os_dbg_r.o
    0x0800914e   0x0800914e   0x00000002   Data   RO         1322    .rodata.OSDebugEn   os_dbg_r.o
    0x08009150   0x08009150   0x00000004   Data   RO         1323    .rodata.OSEndiannessTest  os_dbg_r.o
    0x08009154   0x08009154   0x00000002   Data   RO         1324    .rodata.OSEventEn   os_dbg_r.o
    0x08009156   0x08009156   0x00000002   Data   RO         1325    .rodata.OSEventMax  os_dbg_r.o
    0x08009158   0x08009158   0x00000002   Data   RO         1329    .rodata.OSEventMultiEn  os_dbg_r.o
    0x0800915a   0x0800915a   0x00000002   Data   RO         1326    .rodata.OSEventNameEn  os_dbg_r.o
    0x0800915c   0x0800915c   0x00000002   Data   RO         1327    .rodata.OSEventSize  os_dbg_r.o
    0x0800915e   0x0800915e   0x00000002   Data   RO         1328    .rodata.OSEventTblSize  os_dbg_r.o
    0x08009160   0x08009160   0x00000002   Data   RO         1330    .rodata.OSFlagEn    os_dbg_r.o
    0x08009162   0x08009162   0x00000002   Data   RO         1331    .rodata.OSFlagGrpSize  os_dbg_r.o
    0x08009164   0x08009164   0x00000002   Data   RO         1334    .rodata.OSFlagMax   os_dbg_r.o
    0x08009166   0x08009166   0x00000002   Data   RO         1335    .rodata.OSFlagNameEn  os_dbg_r.o
    0x08009168   0x08009168   0x00000002   Data   RO         1332    .rodata.OSFlagNodeSize  os_dbg_r.o
    0x0800916a   0x0800916a   0x00000002   Data   RO         1333    .rodata.OSFlagWidth  os_dbg_r.o
    0x0800916c   0x0800916c   0x00000002   Data   RO         1336    .rodata.OSLowestPrio  os_dbg_r.o
    0x0800916e   0x0800916e   0x00000002   Data   RO         1337    .rodata.OSMboxEn    os_dbg_r.o
    0x08009170   0x08009170   0x00000002   Data   RO         1338    .rodata.OSMemEn     os_dbg_r.o
    0x08009172   0x08009172   0x00000002   Data   RO         1339    .rodata.OSMemMax    os_dbg_r.o
    0x08009174   0x08009174   0x00000002   Data   RO         1340    .rodata.OSMemNameEn  os_dbg_r.o
    0x08009176   0x08009176   0x00000002   Data   RO         1341    .rodata.OSMemSize   os_dbg_r.o
    0x08009178   0x08009178   0x00000002   Data   RO         1342    .rodata.OSMemTblSize  os_dbg_r.o
    0x0800917a   0x0800917a   0x00000002   Data   RO         1343    .rodata.OSMutexEn   os_dbg_r.o
    0x0800917c   0x0800917c   0x00000002   Data   RO         1344    .rodata.OSPtrSize   os_dbg_r.o
    0x0800917e   0x0800917e   0x00000002   Data   RO         1345    .rodata.OSQEn       os_dbg_r.o
    0x08009180   0x08009180   0x00000002   Data   RO         1346    .rodata.OSQMax      os_dbg_r.o
    0x08009182   0x08009182   0x00000002   Data   RO         1347    .rodata.OSQSize     os_dbg_r.o
    0x08009184   0x08009184   0x00000002   Data   RO         1348    .rodata.OSRdyTblSize  os_dbg_r.o
    0x08009186   0x08009186   0x00000002   Data   RO         1349    .rodata.OSSemEn     os_dbg_r.o
    0x08009188   0x08009188   0x00000002   Data   RO         1350    .rodata.OSStkWidth  os_dbg_r.o
    0x0800918a   0x0800918a   0x00000002   Data   RO         1363    .rodata.OSTCBPrioTblMax  os_dbg_r.o
    0x0800918c   0x0800918c   0x00000002   Data   RO         1364    .rodata.OSTCBSize   os_dbg_r.o
    0x0800918e   0x0800918e   0x00000002   Data   RO         1351    .rodata.OSTaskCreateEn  os_dbg_r.o
    0x08009190   0x08009190   0x00000002   Data   RO         1352    .rodata.OSTaskCreateExtEn  os_dbg_r.o
    0x08009192   0x08009192   0x00000002   Data   RO         1353    .rodata.OSTaskDelEn  os_dbg_r.o
    0x08009194   0x08009194   0x00000002   Data   RO         1354    .rodata.OSTaskIdleStkSize  os_dbg_r.o
    0x08009196   0x08009196   0x00000002   Data   RO         1356    .rodata.OSTaskMax   os_dbg_r.o
    0x08009198   0x08009198   0x00000002   Data   RO         1357    .rodata.OSTaskNameEn  os_dbg_r.o
    0x0800919a   0x0800919a   0x00000002   Data   RO         1355    .rodata.OSTaskProfileEn  os_dbg_r.o
    0x0800919c   0x0800919c   0x00000002   Data   RO         1358    .rodata.OSTaskStatEn  os_dbg_r.o
    0x0800919e   0x0800919e   0x00000002   Data   RO         1360    .rodata.OSTaskStatStkChkEn  os_dbg_r.o
    0x080091a0   0x080091a0   0x00000002   Data   RO         1359    .rodata.OSTaskStatStkSize  os_dbg_r.o
    0x080091a2   0x080091a2   0x00000002   Data   RO         1361    .rodata.OSTaskSwHookEn  os_dbg_r.o
    0x080091a4   0x080091a4   0x00000002   Data   RO         1365    .rodata.OSTicksPerSec  os_dbg_r.o
    0x080091a6   0x080091a6   0x00000002   Data   RO         1366    .rodata.OSTimeTickHookEn  os_dbg_r.o
    0x080091a8   0x080091a8   0x00000100   Data   RO         1603    .rodata.OSUnMapTbl  ucos_ii.o
    0x080092a8   0x080092a8   0x00000002   Data   RO         1367    .rodata.OSVersionNbr  os_dbg_r.o
    0x080092aa   0x080092aa   0x00000044   Data   RO           40    .rodata.str1.1      main_1.o
    0x080092ee   0x080092ee   0x0000001e   Data   RO         1624    .rodata.str1.1      ucos_ii.o
    0x0800930c   0x0800930c   0x00000020   Data   RO         2002    Region$$Table       anon$$obj.o
    0x0800932c   0x0800932c   0x0000001c   Data   RO         1837    locale$$data        c_w.l(lc_numeric_c.o)
    0x08009348   0x08009348   0x00000110   Data   RO         1866    locale$$data        c_w.l(lc_ctype_c.o)


    Execution Region RW_IRAM1 (Exec base: 0x20000000, Load base: 0x08009458, Size: 0x00001d40, Max: 0x00018000, ABSOLUTE)

    Exec Addr    Load Addr    Size         Type   Attr      Idx    E Section Name        Object

    0x20000000   0x08009458   0x00000010   Data   RW           37    .data.PPM_Values    main_1.o
    0x20000010   0x08009468   0x00000004   Data   RW         1269    .data.SystemCoreClock  system_stm32f4xx.o
    0x20000014   0x0800946c   0x00000001   Data   RW          764    .data.uwTickFreq    stm32f4xx_hal.o
    0x20000015   0x0800946d   0x00000003   PAD
    0x20000018   0x08009470   0x00000004   Data   RW          763    .data.uwTickPrio    stm32f4xx_hal.o
    0x2000001c   0x08009474   0x00000004   PAD
    0x20000020        -       0x00000060   Zero   RW         1858    .bss                c_w.l(libspace.o)
    0x20000080        -       0x00000002   Zero   RW           41    .bss.Accel_X_RAW    main_1.o
    0x20000082        -       0x00000002   Zero   RW           42    .bss.Accel_Y_RAW    main_1.o
    0x20000084        -       0x00000002   Zero   RW           43    .bss.Accel_Z_RAW    main_1.o
    0x20000086        -       0x0000000e   Zero   RW           53    .bss.C              main_1.o
    0x20000094        -       0x00000004   Zero   RW           50    .bss.D1_Pressure_RAW  main_1.o
    0x20000098        -       0x00000004   Zero   RW           51    .bss.D2_Temperature_RAW  main_1.o
    0x2000009c        -       0x00000002   Zero   RW           44    .bss.Gyro_X_RAW     main_1.o
    0x2000009e        -       0x00000002   Zero   RW           45    .bss.Gyro_Y_RAW     main_1.o
    0x200000a0        -       0x00000002   Zero   RW           46    .bss.Gyro_Z_RAW     main_1.o
    0x200000a2        -       0x00000002   Zero   RW           47    .bss.Mag_X_RAW      main_1.o
    0x200000a4        -       0x00000002   Zero   RW           48    .bss.Mag_Y_RAW      main_1.o
    0x200000a6        -       0x00000002   Zero   RW           49    .bss.Mag_Z_RAW      main_1.o
    0x200000a8        -       0x00000001   Zero   RW         1621    .bss.OSCPUUsage     ucos_ii.o
    0x200000a9   0x08009474   0x00000003   PAD
    0x200000ac        -       0x00000004   Zero   RW         1612    .bss.OSCtxSwCtr     ucos_ii.o
    0x200000b0        -       0x00000004   Zero   RW         1628    .bss.OSEventFreeList  ucos_ii.o
    0x200000b4        -       0x000000f0   Zero   RW         1634    .bss.OSEventTbl     ucos_ii.o
    0x200001a4        -       0x00000004   Zero   RW         1626    .bss.OSFlagFreeList  ucos_ii.o
    0x200001a8        -       0x00000050   Zero   RW         1627    .bss.OSFlagTbl      ucos_ii.o
    0x200001f8        -       0x00000004   Zero   RW         1613    .bss.OSIdleCtr      ucos_ii.o
    0x200001fc        -       0x00000004   Zero   RW         1614    .bss.OSIdleCtrMax   ucos_ii.o
    0x20000200        -       0x00000004   Zero   RW         1622    .bss.OSIdleCtrRun   ucos_ii.o
    0x20000204        -       0x00000001   Zero   RW         1604    .bss.OSIntNesting   ucos_ii.o
    0x20000205        -       0x00000001   Zero   RW         1605    .bss.OSLockNesting  ucos_ii.o
    0x20000206   0x08009474   0x00000002   PAD
    0x20000208        -       0x00000004   Zero   RW         1629    .bss.OSMemFreeList  ucos_ii.o
    0x2000020c        -       0x00000078   Zero   RW         1630    .bss.OSMemTbl       ucos_ii.o
    0x20000284        -       0x00000001   Zero   RW         1611    .bss.OSPrioCur      ucos_ii.o
    0x20000285        -       0x00000001   Zero   RW         1609    .bss.OSPrioHighRdy  ucos_ii.o
    0x20000286   0x08009474   0x00000002   PAD
    0x20000288        -       0x00000004   Zero   RW         1631    .bss.OSQFreeList    ucos_ii.o
    0x2000028c        -       0x00000060   Zero   RW         1632    .bss.OSQTbl         ucos_ii.o
    0x200002ec        -       0x00000001   Zero   RW         1619    .bss.OSRdyGrp       ucos_ii.o
    0x200002ed        -       0x00000008   Zero   RW         1620    .bss.OSRdyTbl       ucos_ii.o
    0x200002f5        -       0x00000001   Zero   RW         1607    .bss.OSRunning      ucos_ii.o
    0x200002f6        -       0x00000001   Zero   RW         1615    .bss.OSStatRdy      ucos_ii.o
    0x200002f7   0x08009474   0x00000001   PAD
    0x200002f8        -       0x00000004   Zero   RW         1606    .bss.OSTCBCur       ucos_ii.o
    0x200002fc        -       0x00000004   Zero   RW         1623    .bss.OSTCBFreeList  ucos_ii.o
    0x20000300        -       0x00000004   Zero   RW         1610    .bss.OSTCBHighRdy   ucos_ii.o
    0x20000304        -       0x00000004   Zero   RW         1618    .bss.OSTCBList      ucos_ii.o
    0x20000308        -       0x00000100   Zero   RW         1608    .bss.OSTCBPrioTbl   ucos_ii.o
    0x20000408        -       0x000007e8   Zero   RW         1637    .bss.OSTCBTbl       ucos_ii.o
    0x20000bf0        -       0x00000001   Zero   RW         1625    .bss.OSTaskCtr      ucos_ii.o
    0x20000bf1   0x08009474   0x00000003   PAD
    0x20000bf4        -       0x00000200   Zero   RW         1636    .bss.OSTaskIdleStk  ucos_ii.o
    0x20000df4        -       0x00000001   Zero   RW         1633    .bss.OSTaskRegNextAvailID  ucos_ii.o
    0x20000df5   0x08009474   0x00000003   PAD
    0x20000df8        -       0x00000200   Zero   RW         1635    .bss.OSTaskStatStk  ucos_ii.o
    0x20000ff8        -       0x00000004   Zero   RW         1616    .bss.OSTime         ucos_ii.o
    0x20000ffc        -       0x00000400   Zero   RW         1310    .bss.OS_CPU_ExceptStk  os_cpu_c.o
    0x200013fc        -       0x00000004   Zero   RW         1311    .bss.OS_CPU_ExceptStkBase  os_cpu_c.o
    0x20001400        -       0x00000004   Zero   RW         1312    .bss.OS_KA_BASEPRI_Boundary  os_cpu_c.o
    0x20001404        -       0x00000001   Zero   RW           38    .bss.PPM_Index      main_1.o
    0x20001405   0x08009474   0x00000003   PAD
    0x20001408        -       0x00000200   Zero   RW           52    .bss.Task1Stk       main_1.o
    0x20001608        -       0x00000054   Zero   RW           76    .bss.hi2c1          i2c.o
    0x2000165c        -       0x00000048   Zero   RW           98    .bss.htim2          tim.o
    0x200016a4        -       0x00000048   Zero   RW           99    .bss.htim3          tim.o
    0x200016ec        -       0x00000048   Zero   RW          113    .bss.huart1         usart.o
    0x20001734        -       0x00000004   Zero   RW           39    .bss.last_capture   main_1.o
    0x20001738        -       0x00000004   Zero   RW          765    .bss.uwTick         stm32f4xx_hal.o
    0x2000173c   0x08009474   0x00000004   PAD
    0x20001740        -       0x00000200   Zero   RW            2    HEAP                startup_stm32f401xe.o
    0x20001940        -       0x00000400   Zero   RW            1    STACK               startup_stm32f401xe.o


==============================================================================

Image component sizes


      Code (inc. data)   RO Data    RW Data    ZI Data      Debug   Object Name

       164          0          0          0          0       2139   gpio.o
       216          0          0          0         84       5109   i2c.o
      1816          0         68         16        557       8513   main_1.o
       308         34          0          0          0        336   os_cpu_a.o
       982          0          0          0       1032       4410   os_cpu_c.o
       466          0         94          0          0       2331   os_dbg_r.o
        64         26        404          0       1536        836   startup_stm32f401xe.o
       270          0          0          5          4       6653   stm32f4xx_hal.o
       482          0          0          0          0       9194   stm32f4xx_hal_cortex.o
       304          0          0          0          0       8437   stm32f4xx_hal_dma.o
       912          0          0          0          0       5074   stm32f4xx_hal_gpio.o
      6662          0          0          0          0      37679   stm32f4xx_hal_i2c.o
        74          0          0          0          0       1517   stm32f4xx_hal_msp.o
      2646          0          0          0          0       7634   stm32f4xx_hal_rcc.o
      4330         42          0          0          0      35813   stm32f4xx_hal_tim.o
       270          0          0          0          0      15302   stm32f4xx_hal_tim_ex.o
      2868          0          0          0          0      20407   stm32f4xx_hal_uart.o
        66          0          0          0          0       1182   stm32f4xx_it.o
        18          0         24          4          0       2547   system_stm32f4xx.o
       756          0          0          0        144       8016   tim.o
      5244          0        286          0       3910      41884   ucos_ii.o
       228          0          0          0         72       6249   usart.o

    ----------------------------------------------------------------------
     29282        102        908         28       7364     231262   Object Totals
         0          0         32          0          0          0   (incl. Generated)
       136          0          0          3         25          0   (incl. Padding)

    ----------------------------------------------------------------------

      Code (inc. data)   RO Data    RW Data    ZI Data      Debug   Library Member Name

         8          0          0          0          0         68   __main.o
       392          4         17          0          0         92   __printf_flags_ss_wp.o
        14          0          0          0          0         68   __printf_wp.o
         0          0          0          0          0          0   __rtentry.o
        12          0          0          0          0          0   __rtentry2.o
         6          0          0          0          0          0   __rtentry4.o
        94          8          0          0          0          0   __scatter.o
        26          0          0          0          0          0   __scatter_copy.o
        28          0          0          0          0          0   __scatter_zi.o
        72          0          0          0          0         96   _c16rtomb.o
         6          0          0          0          0          0   _printf_a.o
         6          0          0          0          0          0   _printf_c.o
        44          0          0          0          0        108   _printf_char.o
        48          6          0          0          0         96   _printf_char_common.o
        40          0          0          0          0         68   _printf_charcount.o
         6          0          0          0          0          0   _printf_d.o
       120         16          0          0          0         92   _printf_dec.o
         6          0          0          0          0          0   _printf_e.o
         6          0          0          0          0          0   _printf_f.o
      1052          0          0          0          0        148   _printf_fp_dec.o
       764          8         38          0          0        100   _printf_fp_hex.o
       128         16          0          0          0         84   _printf_fp_infnan.o
         6          0          0          0          0          0   _printf_g.o
       148          4         40          0          0        160   _printf_hex_int_ll_ptr.o
         6          0          0          0          0          0   _printf_i.o
       178          0          0          0          0         88   _printf_intcommon.o
        10          0          0          0          0          0   _printf_l.o
         6          0          0          0          0          0   _printf_lc.o
        10          0          0          0          0          0   _printf_ll.o
         6          0          0          0          0          0   _printf_lld.o
         6          0          0          0          0          0   _printf_lli.o
         6          0          0          0          0          0   _printf_llo.o
         6          0          0          0          0          0   _printf_llu.o
         6          0          0          0          0          0   _printf_llx.o
       124         16          0          0          0         92   _printf_longlong_dec.o
         6          0          0          0          0          0   _printf_ls.o
         6          0          0          0          0          0   _printf_n.o
         6          0          0          0          0          0   _printf_o.o
       112          8          0          0          0        124   _printf_oct_int_ll.o
         6          0          0          0          0          0   _printf_p.o
        78          0          0          0          0        108   _printf_pad.o
         0          0          0          0          0          0   _printf_percent.o
         4          0          0          0          0          0   _printf_percent_end.o
         6          0          0          0          0          0   _printf_s.o
        82          0          0          0          0         80   _printf_str.o
        36          0          0          0          0         84   _printf_truncate.o
         6          0          0          0          0          0   _printf_u.o
        44          0          0          0          0        108   _printf_wchar.o
       188          6          8          0          0         92   _printf_wctomb.o
         6          0          0          0          0          0   _printf_x.o
        10          0          0          0          0         68   _sputc.o
       228          4        148          0          0         96   bigflt0.o
      1936        128          0          0          0        668   btod.o
        18          0          0          0          0         80   exit.o
         6          0          0          0          0        152   heapauxi.o
         0          0          0          0          0          0   indicate_semi.o
        44         10        272          0          0         76   lc_ctype_c.o
        44         10         28          0          0         76   lc_numeric_c.o
         2          0          0          0          0          0   libinit.o
        34          0          0          0          0          0   libinit2.o
         2          0          0          0          0          0   libshutdown.o
         2          0          0          0          0          0   libshutdown2.o
         8          4          0          0         96         68   libspace.o
       138          0          0          0          0         80   lludiv10.o
       240          0          0          0          0        100   lludivv7m.o
        16          4          0          0          0         76   rt_ctype_table.o
         8          4          0          0          0         68   rt_locale_intlibspace.o
        78          0          0          0          0         80   rt_memclr_w.o
         2          0          0          0          0          0   rtexit.o
        10          0          0          0          0          0   rtexit2.o
        44          6          0          0          0         84   sprintf.o
       124          0          0          0          0         88   strcmpv7em.o
        62          0          0          0          0         76   strlen.o
        12          4          0          0          0         68   sys_exit.o
        74          0          0          0          0         80   sys_stackheap_outer.o
         2          0          0          0          0         68   use_no_semi.o
        26          0          0          0          0        116   fpinit.o
         4          0          0          0          0        116   printf1.o
         4          0          0          0          0        116   printf2.o
         0          0          0          0          0          0   usenofp.o
        48          0          0          0          0        124   fpclassify.o

    ----------------------------------------------------------------------
      7234        270        552          0         96       4580   Library Totals
        26          4          1          0          0          0   (incl. Padding)

    ----------------------------------------------------------------------

      Code (inc. data)   RO Data    RW Data    ZI Data      Debug   Library Name

      7126        266        551          0         96       4108   c_w.l
        34          0          0          0          0        348   fz_wm.l
        48          0          0          0          0        124   m_wm.l

    ----------------------------------------------------------------------
      7234        270        552          0         96       4580   Library Totals

    ----------------------------------------------------------------------

==============================================================================


      Code (inc. data)   RO Data    RW Data    ZI Data      Debug   

     36516        372       1460         28       7460     233146   Grand Totals
     36516        372       1460         28       7460     233146   ELF Image Totals
     36516        372       1460         28          0          0   ROM Totals

==============================================================================

    Total RO  Size (Code + RO Data)                37976 (  37.09kB)
    Total RW  Size (RW Data + ZI Data)              7488 (   7.31kB)
    Total ROM Size (Code + RO Data + RW Data)      38004 (  37.11kB)

==============================================================================

